--------------------------------------------------------------------------------
Release 14.7 Trace  (lin64)
Copyright (c) 1995-2013 Xilinx, Inc.  All rights reserved.

/opt/Xilinx/14.7/ISE_DS/ISE/bin/lin64/unwrapped/trce -intstyle ise -v 3 -s 2 -n
3 -fastpaths -xml FPadd.twx FPadd.ncd -o FPadd.twr FPadd.pcf

Design file:              FPadd.ncd
Physical constraint file: FPadd.pcf
Device,package,speed:     xc6slx16,csg324,C,-2 (PRODUCTION 1.23 2013-10-13)
Report level:             verbose report

Environment Variable      Effect 
--------------------      ------ 
NONE                      No environment variables were set
--------------------------------------------------------------------------------

INFO:Timing:2698 - No timing constraints found, doing default enumeration.
INFO:Timing:3412 - To improve timing, see the Timing Closure User Guide (UG612).
INFO:Timing:2752 - To get complete path coverage, use the unconstrained paths 
   option. All paths that are not constrained will be reported in the 
   unconstrained paths section(s) of the report.
INFO:Timing:3339 - The clock-to-out numbers in this timing report are based on 
   a 50 Ohm transmission line loading model.  For the details of this model, 
   and for more information on accounting for different loading conditions, 
   please see the device datasheet.



Data Sheet report:
-----------------
All values displayed in nanoseconds (ns)

Pad to Pad
---------------+---------------+---------+
Source Pad     |Destination Pad|  Delay  |
---------------+---------------+---------+
ADD_SUB        |FP_Z<0>        |   48.691|
ADD_SUB        |FP_Z<1>        |   48.907|
ADD_SUB        |FP_Z<2>        |   48.331|
ADD_SUB        |FP_Z<3>        |   48.446|
ADD_SUB        |FP_Z<4>        |   49.008|
ADD_SUB        |FP_Z<5>        |   48.311|
ADD_SUB        |FP_Z<6>        |   48.735|
ADD_SUB        |FP_Z<7>        |   48.424|
ADD_SUB        |FP_Z<8>        |   48.119|
ADD_SUB        |FP_Z<9>        |   48.315|
ADD_SUB        |FP_Z<10>       |   46.996|
ADD_SUB        |FP_Z<11>       |   47.586|
ADD_SUB        |FP_Z<12>       |   46.711|
ADD_SUB        |FP_Z<13>       |   47.334|
ADD_SUB        |FP_Z<14>       |   46.416|
ADD_SUB        |FP_Z<15>       |   47.159|
ADD_SUB        |FP_Z<16>       |   47.403|
ADD_SUB        |FP_Z<17>       |   47.261|
ADD_SUB        |FP_Z<18>       |   47.339|
ADD_SUB        |FP_Z<19>       |   46.738|
ADD_SUB        |FP_Z<20>       |   47.157|
ADD_SUB        |FP_Z<21>       |   47.464|
ADD_SUB        |FP_Z<22>       |   45.411|
ADD_SUB        |FP_Z<23>       |   45.695|
ADD_SUB        |FP_Z<24>       |   44.931|
ADD_SUB        |FP_Z<25>       |   45.129|
ADD_SUB        |FP_Z<26>       |   45.022|
ADD_SUB        |FP_Z<27>       |   45.024|
ADD_SUB        |FP_Z<28>       |   44.831|
ADD_SUB        |FP_Z<29>       |   45.078|
ADD_SUB        |FP_Z<30>       |   45.509|
ADD_SUB        |FP_Z<31>       |   17.501|
FP_A<0>        |FP_Z<0>        |   49.781|
FP_A<0>        |FP_Z<1>        |   49.997|
FP_A<0>        |FP_Z<2>        |   49.421|
FP_A<0>        |FP_Z<3>        |   49.536|
FP_A<0>        |FP_Z<4>        |   50.098|
FP_A<0>        |FP_Z<5>        |   49.401|
FP_A<0>        |FP_Z<6>        |   49.825|
FP_A<0>        |FP_Z<7>        |   49.514|
FP_A<0>        |FP_Z<8>        |   49.209|
FP_A<0>        |FP_Z<9>        |   49.405|
FP_A<0>        |FP_Z<10>       |   48.086|
FP_A<0>        |FP_Z<11>       |   48.676|
FP_A<0>        |FP_Z<12>       |   47.801|
FP_A<0>        |FP_Z<13>       |   48.424|
FP_A<0>        |FP_Z<14>       |   47.506|
FP_A<0>        |FP_Z<15>       |   48.249|
FP_A<0>        |FP_Z<16>       |   48.493|
FP_A<0>        |FP_Z<17>       |   48.351|
FP_A<0>        |FP_Z<18>       |   48.429|
FP_A<0>        |FP_Z<19>       |   47.828|
FP_A<0>        |FP_Z<20>       |   48.247|
FP_A<0>        |FP_Z<21>       |   48.554|
FP_A<0>        |FP_Z<22>       |   46.501|
FP_A<0>        |FP_Z<23>       |   46.785|
FP_A<0>        |FP_Z<24>       |   46.021|
FP_A<0>        |FP_Z<25>       |   46.219|
FP_A<0>        |FP_Z<26>       |   46.112|
FP_A<0>        |FP_Z<27>       |   46.114|
FP_A<0>        |FP_Z<28>       |   45.921|
FP_A<0>        |FP_Z<29>       |   46.168|
FP_A<0>        |FP_Z<30>       |   46.599|
FP_A<0>        |FP_Z<31>       |   18.591|
FP_A<1>        |FP_Z<0>        |   50.123|
FP_A<1>        |FP_Z<1>        |   50.339|
FP_A<1>        |FP_Z<2>        |   49.763|
FP_A<1>        |FP_Z<3>        |   49.878|
FP_A<1>        |FP_Z<4>        |   50.440|
FP_A<1>        |FP_Z<5>        |   49.743|
FP_A<1>        |FP_Z<6>        |   50.167|
FP_A<1>        |FP_Z<7>        |   49.856|
FP_A<1>        |FP_Z<8>        |   49.551|
FP_A<1>        |FP_Z<9>        |   49.747|
FP_A<1>        |FP_Z<10>       |   48.428|
FP_A<1>        |FP_Z<11>       |   49.018|
FP_A<1>        |FP_Z<12>       |   48.143|
FP_A<1>        |FP_Z<13>       |   48.766|
FP_A<1>        |FP_Z<14>       |   47.848|
FP_A<1>        |FP_Z<15>       |   48.591|
FP_A<1>        |FP_Z<16>       |   48.835|
FP_A<1>        |FP_Z<17>       |   48.693|
FP_A<1>        |FP_Z<18>       |   48.771|
FP_A<1>        |FP_Z<19>       |   48.170|
FP_A<1>        |FP_Z<20>       |   48.589|
FP_A<1>        |FP_Z<21>       |   48.896|
FP_A<1>        |FP_Z<22>       |   46.843|
FP_A<1>        |FP_Z<23>       |   47.127|
FP_A<1>        |FP_Z<24>       |   46.363|
FP_A<1>        |FP_Z<25>       |   46.561|
FP_A<1>        |FP_Z<26>       |   46.454|
FP_A<1>        |FP_Z<27>       |   46.456|
FP_A<1>        |FP_Z<28>       |   46.263|
FP_A<1>        |FP_Z<29>       |   46.510|
FP_A<1>        |FP_Z<30>       |   46.941|
FP_A<1>        |FP_Z<31>       |   18.933|
FP_A<2>        |FP_Z<0>        |   49.399|
FP_A<2>        |FP_Z<1>        |   49.615|
FP_A<2>        |FP_Z<2>        |   49.039|
FP_A<2>        |FP_Z<3>        |   49.154|
FP_A<2>        |FP_Z<4>        |   49.716|
FP_A<2>        |FP_Z<5>        |   49.019|
FP_A<2>        |FP_Z<6>        |   49.443|
FP_A<2>        |FP_Z<7>        |   49.132|
FP_A<2>        |FP_Z<8>        |   48.827|
FP_A<2>        |FP_Z<9>        |   49.023|
FP_A<2>        |FP_Z<10>       |   47.704|
FP_A<2>        |FP_Z<11>       |   48.294|
FP_A<2>        |FP_Z<12>       |   47.419|
FP_A<2>        |FP_Z<13>       |   48.042|
FP_A<2>        |FP_Z<14>       |   47.124|
FP_A<2>        |FP_Z<15>       |   47.867|
FP_A<2>        |FP_Z<16>       |   48.111|
FP_A<2>        |FP_Z<17>       |   47.969|
FP_A<2>        |FP_Z<18>       |   48.047|
FP_A<2>        |FP_Z<19>       |   47.446|
FP_A<2>        |FP_Z<20>       |   47.865|
FP_A<2>        |FP_Z<21>       |   48.172|
FP_A<2>        |FP_Z<22>       |   46.119|
FP_A<2>        |FP_Z<23>       |   46.403|
FP_A<2>        |FP_Z<24>       |   45.639|
FP_A<2>        |FP_Z<25>       |   45.837|
FP_A<2>        |FP_Z<26>       |   45.730|
FP_A<2>        |FP_Z<27>       |   45.732|
FP_A<2>        |FP_Z<28>       |   45.539|
FP_A<2>        |FP_Z<29>       |   45.786|
FP_A<2>        |FP_Z<30>       |   46.217|
FP_A<2>        |FP_Z<31>       |   18.209|
FP_A<3>        |FP_Z<0>        |   49.507|
FP_A<3>        |FP_Z<1>        |   49.723|
FP_A<3>        |FP_Z<2>        |   49.147|
FP_A<3>        |FP_Z<3>        |   49.262|
FP_A<3>        |FP_Z<4>        |   49.824|
FP_A<3>        |FP_Z<5>        |   49.127|
FP_A<3>        |FP_Z<6>        |   49.551|
FP_A<3>        |FP_Z<7>        |   49.240|
FP_A<3>        |FP_Z<8>        |   48.935|
FP_A<3>        |FP_Z<9>        |   49.131|
FP_A<3>        |FP_Z<10>       |   47.812|
FP_A<3>        |FP_Z<11>       |   48.402|
FP_A<3>        |FP_Z<12>       |   47.527|
FP_A<3>        |FP_Z<13>       |   48.150|
FP_A<3>        |FP_Z<14>       |   47.232|
FP_A<3>        |FP_Z<15>       |   47.975|
FP_A<3>        |FP_Z<16>       |   48.219|
FP_A<3>        |FP_Z<17>       |   48.077|
FP_A<3>        |FP_Z<18>       |   48.155|
FP_A<3>        |FP_Z<19>       |   47.554|
FP_A<3>        |FP_Z<20>       |   47.973|
FP_A<3>        |FP_Z<21>       |   48.280|
FP_A<3>        |FP_Z<22>       |   46.227|
FP_A<3>        |FP_Z<23>       |   46.511|
FP_A<3>        |FP_Z<24>       |   45.747|
FP_A<3>        |FP_Z<25>       |   45.945|
FP_A<3>        |FP_Z<26>       |   45.838|
FP_A<3>        |FP_Z<27>       |   45.840|
FP_A<3>        |FP_Z<28>       |   45.647|
FP_A<3>        |FP_Z<29>       |   45.894|
FP_A<3>        |FP_Z<30>       |   46.325|
FP_A<3>        |FP_Z<31>       |   18.317|
FP_A<4>        |FP_Z<0>        |   49.327|
FP_A<4>        |FP_Z<1>        |   49.543|
FP_A<4>        |FP_Z<2>        |   48.967|
FP_A<4>        |FP_Z<3>        |   49.082|
FP_A<4>        |FP_Z<4>        |   49.644|
FP_A<4>        |FP_Z<5>        |   48.947|
FP_A<4>        |FP_Z<6>        |   49.371|
FP_A<4>        |FP_Z<7>        |   49.060|
FP_A<4>        |FP_Z<8>        |   48.755|
FP_A<4>        |FP_Z<9>        |   48.951|
FP_A<4>        |FP_Z<10>       |   47.632|
FP_A<4>        |FP_Z<11>       |   48.222|
FP_A<4>        |FP_Z<12>       |   47.347|
FP_A<4>        |FP_Z<13>       |   47.970|
FP_A<4>        |FP_Z<14>       |   47.052|
FP_A<4>        |FP_Z<15>       |   47.795|
FP_A<4>        |FP_Z<16>       |   48.039|
FP_A<4>        |FP_Z<17>       |   47.897|
FP_A<4>        |FP_Z<18>       |   47.975|
FP_A<4>        |FP_Z<19>       |   47.374|
FP_A<4>        |FP_Z<20>       |   47.793|
FP_A<4>        |FP_Z<21>       |   48.100|
FP_A<4>        |FP_Z<22>       |   46.047|
FP_A<4>        |FP_Z<23>       |   46.331|
FP_A<4>        |FP_Z<24>       |   45.567|
FP_A<4>        |FP_Z<25>       |   45.765|
FP_A<4>        |FP_Z<26>       |   45.658|
FP_A<4>        |FP_Z<27>       |   45.660|
FP_A<4>        |FP_Z<28>       |   45.467|
FP_A<4>        |FP_Z<29>       |   45.714|
FP_A<4>        |FP_Z<30>       |   46.145|
FP_A<4>        |FP_Z<31>       |   18.137|
FP_A<5>        |FP_Z<0>        |   49.364|
FP_A<5>        |FP_Z<1>        |   49.580|
FP_A<5>        |FP_Z<2>        |   49.004|
FP_A<5>        |FP_Z<3>        |   49.119|
FP_A<5>        |FP_Z<4>        |   49.681|
FP_A<5>        |FP_Z<5>        |   48.984|
FP_A<5>        |FP_Z<6>        |   49.408|
FP_A<5>        |FP_Z<7>        |   49.097|
FP_A<5>        |FP_Z<8>        |   48.792|
FP_A<5>        |FP_Z<9>        |   48.988|
FP_A<5>        |FP_Z<10>       |   47.669|
FP_A<5>        |FP_Z<11>       |   48.259|
FP_A<5>        |FP_Z<12>       |   47.384|
FP_A<5>        |FP_Z<13>       |   48.007|
FP_A<5>        |FP_Z<14>       |   47.089|
FP_A<5>        |FP_Z<15>       |   47.832|
FP_A<5>        |FP_Z<16>       |   48.076|
FP_A<5>        |FP_Z<17>       |   47.934|
FP_A<5>        |FP_Z<18>       |   48.012|
FP_A<5>        |FP_Z<19>       |   47.411|
FP_A<5>        |FP_Z<20>       |   47.830|
FP_A<5>        |FP_Z<21>       |   48.137|
FP_A<5>        |FP_Z<22>       |   46.084|
FP_A<5>        |FP_Z<23>       |   46.368|
FP_A<5>        |FP_Z<24>       |   45.604|
FP_A<5>        |FP_Z<25>       |   45.802|
FP_A<5>        |FP_Z<26>       |   45.695|
FP_A<5>        |FP_Z<27>       |   45.697|
FP_A<5>        |FP_Z<28>       |   45.504|
FP_A<5>        |FP_Z<29>       |   45.751|
FP_A<5>        |FP_Z<30>       |   46.182|
FP_A<5>        |FP_Z<31>       |   18.174|
FP_A<6>        |FP_Z<0>        |   49.306|
FP_A<6>        |FP_Z<1>        |   49.522|
FP_A<6>        |FP_Z<2>        |   48.946|
FP_A<6>        |FP_Z<3>        |   49.061|
FP_A<6>        |FP_Z<4>        |   49.623|
FP_A<6>        |FP_Z<5>        |   48.926|
FP_A<6>        |FP_Z<6>        |   49.350|
FP_A<6>        |FP_Z<7>        |   49.039|
FP_A<6>        |FP_Z<8>        |   48.734|
FP_A<6>        |FP_Z<9>        |   48.930|
FP_A<6>        |FP_Z<10>       |   47.611|
FP_A<6>        |FP_Z<11>       |   48.201|
FP_A<6>        |FP_Z<12>       |   47.326|
FP_A<6>        |FP_Z<13>       |   47.949|
FP_A<6>        |FP_Z<14>       |   47.031|
FP_A<6>        |FP_Z<15>       |   47.774|
FP_A<6>        |FP_Z<16>       |   48.018|
FP_A<6>        |FP_Z<17>       |   47.876|
FP_A<6>        |FP_Z<18>       |   47.954|
FP_A<6>        |FP_Z<19>       |   47.353|
FP_A<6>        |FP_Z<20>       |   47.772|
FP_A<6>        |FP_Z<21>       |   48.079|
FP_A<6>        |FP_Z<22>       |   46.026|
FP_A<6>        |FP_Z<23>       |   46.310|
FP_A<6>        |FP_Z<24>       |   45.546|
FP_A<6>        |FP_Z<25>       |   45.744|
FP_A<6>        |FP_Z<26>       |   45.637|
FP_A<6>        |FP_Z<27>       |   45.639|
FP_A<6>        |FP_Z<28>       |   45.446|
FP_A<6>        |FP_Z<29>       |   45.693|
FP_A<6>        |FP_Z<30>       |   46.124|
FP_A<6>        |FP_Z<31>       |   18.116|
FP_A<7>        |FP_Z<0>        |   48.939|
FP_A<7>        |FP_Z<1>        |   49.155|
FP_A<7>        |FP_Z<2>        |   48.579|
FP_A<7>        |FP_Z<3>        |   48.694|
FP_A<7>        |FP_Z<4>        |   49.256|
FP_A<7>        |FP_Z<5>        |   48.559|
FP_A<7>        |FP_Z<6>        |   48.983|
FP_A<7>        |FP_Z<7>        |   48.672|
FP_A<7>        |FP_Z<8>        |   48.367|
FP_A<7>        |FP_Z<9>        |   48.563|
FP_A<7>        |FP_Z<10>       |   47.244|
FP_A<7>        |FP_Z<11>       |   47.834|
FP_A<7>        |FP_Z<12>       |   46.959|
FP_A<7>        |FP_Z<13>       |   47.582|
FP_A<7>        |FP_Z<14>       |   46.664|
FP_A<7>        |FP_Z<15>       |   47.407|
FP_A<7>        |FP_Z<16>       |   47.651|
FP_A<7>        |FP_Z<17>       |   47.509|
FP_A<7>        |FP_Z<18>       |   47.587|
FP_A<7>        |FP_Z<19>       |   46.986|
FP_A<7>        |FP_Z<20>       |   47.405|
FP_A<7>        |FP_Z<21>       |   47.712|
FP_A<7>        |FP_Z<22>       |   45.659|
FP_A<7>        |FP_Z<23>       |   45.943|
FP_A<7>        |FP_Z<24>       |   45.179|
FP_A<7>        |FP_Z<25>       |   45.377|
FP_A<7>        |FP_Z<26>       |   45.270|
FP_A<7>        |FP_Z<27>       |   45.272|
FP_A<7>        |FP_Z<28>       |   45.079|
FP_A<7>        |FP_Z<29>       |   45.326|
FP_A<7>        |FP_Z<30>       |   45.757|
FP_A<7>        |FP_Z<31>       |   17.749|
FP_A<8>        |FP_Z<0>        |   49.885|
FP_A<8>        |FP_Z<1>        |   50.101|
FP_A<8>        |FP_Z<2>        |   49.525|
FP_A<8>        |FP_Z<3>        |   49.640|
FP_A<8>        |FP_Z<4>        |   50.202|
FP_A<8>        |FP_Z<5>        |   49.505|
FP_A<8>        |FP_Z<6>        |   49.929|
FP_A<8>        |FP_Z<7>        |   49.618|
FP_A<8>        |FP_Z<8>        |   49.313|
FP_A<8>        |FP_Z<9>        |   49.509|
FP_A<8>        |FP_Z<10>       |   48.190|
FP_A<8>        |FP_Z<11>       |   48.780|
FP_A<8>        |FP_Z<12>       |   47.905|
FP_A<8>        |FP_Z<13>       |   48.528|
FP_A<8>        |FP_Z<14>       |   47.610|
FP_A<8>        |FP_Z<15>       |   48.353|
FP_A<8>        |FP_Z<16>       |   48.597|
FP_A<8>        |FP_Z<17>       |   48.455|
FP_A<8>        |FP_Z<18>       |   48.533|
FP_A<8>        |FP_Z<19>       |   47.932|
FP_A<8>        |FP_Z<20>       |   48.351|
FP_A<8>        |FP_Z<21>       |   48.658|
FP_A<8>        |FP_Z<22>       |   46.605|
FP_A<8>        |FP_Z<23>       |   46.889|
FP_A<8>        |FP_Z<24>       |   46.125|
FP_A<8>        |FP_Z<25>       |   46.323|
FP_A<8>        |FP_Z<26>       |   46.216|
FP_A<8>        |FP_Z<27>       |   46.218|
FP_A<8>        |FP_Z<28>       |   46.025|
FP_A<8>        |FP_Z<29>       |   46.272|
FP_A<8>        |FP_Z<30>       |   46.703|
FP_A<8>        |FP_Z<31>       |   18.695|
FP_A<9>        |FP_Z<0>        |   48.822|
FP_A<9>        |FP_Z<1>        |   49.038|
FP_A<9>        |FP_Z<2>        |   48.462|
FP_A<9>        |FP_Z<3>        |   48.577|
FP_A<9>        |FP_Z<4>        |   49.139|
FP_A<9>        |FP_Z<5>        |   48.442|
FP_A<9>        |FP_Z<6>        |   48.866|
FP_A<9>        |FP_Z<7>        |   48.555|
FP_A<9>        |FP_Z<8>        |   48.250|
FP_A<9>        |FP_Z<9>        |   48.446|
FP_A<9>        |FP_Z<10>       |   47.127|
FP_A<9>        |FP_Z<11>       |   47.717|
FP_A<9>        |FP_Z<12>       |   46.842|
FP_A<9>        |FP_Z<13>       |   47.465|
FP_A<9>        |FP_Z<14>       |   46.547|
FP_A<9>        |FP_Z<15>       |   47.290|
FP_A<9>        |FP_Z<16>       |   47.534|
FP_A<9>        |FP_Z<17>       |   47.392|
FP_A<9>        |FP_Z<18>       |   47.470|
FP_A<9>        |FP_Z<19>       |   46.869|
FP_A<9>        |FP_Z<20>       |   47.288|
FP_A<9>        |FP_Z<21>       |   47.595|
FP_A<9>        |FP_Z<22>       |   45.542|
FP_A<9>        |FP_Z<23>       |   45.826|
FP_A<9>        |FP_Z<24>       |   45.062|
FP_A<9>        |FP_Z<25>       |   45.260|
FP_A<9>        |FP_Z<26>       |   45.153|
FP_A<9>        |FP_Z<27>       |   45.155|
FP_A<9>        |FP_Z<28>       |   44.962|
FP_A<9>        |FP_Z<29>       |   45.209|
FP_A<9>        |FP_Z<30>       |   45.640|
FP_A<9>        |FP_Z<31>       |   17.632|
FP_A<10>       |FP_Z<0>        |   49.339|
FP_A<10>       |FP_Z<1>        |   49.555|
FP_A<10>       |FP_Z<2>        |   48.979|
FP_A<10>       |FP_Z<3>        |   49.094|
FP_A<10>       |FP_Z<4>        |   49.656|
FP_A<10>       |FP_Z<5>        |   48.959|
FP_A<10>       |FP_Z<6>        |   49.383|
FP_A<10>       |FP_Z<7>        |   49.072|
FP_A<10>       |FP_Z<8>        |   48.767|
FP_A<10>       |FP_Z<9>        |   48.963|
FP_A<10>       |FP_Z<10>       |   47.644|
FP_A<10>       |FP_Z<11>       |   48.234|
FP_A<10>       |FP_Z<12>       |   47.359|
FP_A<10>       |FP_Z<13>       |   47.982|
FP_A<10>       |FP_Z<14>       |   47.064|
FP_A<10>       |FP_Z<15>       |   47.807|
FP_A<10>       |FP_Z<16>       |   48.051|
FP_A<10>       |FP_Z<17>       |   47.909|
FP_A<10>       |FP_Z<18>       |   47.987|
FP_A<10>       |FP_Z<19>       |   47.386|
FP_A<10>       |FP_Z<20>       |   47.805|
FP_A<10>       |FP_Z<21>       |   48.112|
FP_A<10>       |FP_Z<22>       |   46.059|
FP_A<10>       |FP_Z<23>       |   46.343|
FP_A<10>       |FP_Z<24>       |   45.579|
FP_A<10>       |FP_Z<25>       |   45.777|
FP_A<10>       |FP_Z<26>       |   45.670|
FP_A<10>       |FP_Z<27>       |   45.672|
FP_A<10>       |FP_Z<28>       |   45.479|
FP_A<10>       |FP_Z<29>       |   45.726|
FP_A<10>       |FP_Z<30>       |   46.157|
FP_A<10>       |FP_Z<31>       |   18.149|
FP_A<11>       |FP_Z<0>        |   49.017|
FP_A<11>       |FP_Z<1>        |   49.233|
FP_A<11>       |FP_Z<2>        |   48.657|
FP_A<11>       |FP_Z<3>        |   48.772|
FP_A<11>       |FP_Z<4>        |   49.334|
FP_A<11>       |FP_Z<5>        |   48.637|
FP_A<11>       |FP_Z<6>        |   49.061|
FP_A<11>       |FP_Z<7>        |   48.750|
FP_A<11>       |FP_Z<8>        |   48.445|
FP_A<11>       |FP_Z<9>        |   48.641|
FP_A<11>       |FP_Z<10>       |   47.322|
FP_A<11>       |FP_Z<11>       |   47.912|
FP_A<11>       |FP_Z<12>       |   47.037|
FP_A<11>       |FP_Z<13>       |   47.660|
FP_A<11>       |FP_Z<14>       |   46.742|
FP_A<11>       |FP_Z<15>       |   47.485|
FP_A<11>       |FP_Z<16>       |   47.729|
FP_A<11>       |FP_Z<17>       |   47.587|
FP_A<11>       |FP_Z<18>       |   47.665|
FP_A<11>       |FP_Z<19>       |   47.064|
FP_A<11>       |FP_Z<20>       |   47.483|
FP_A<11>       |FP_Z<21>       |   47.790|
FP_A<11>       |FP_Z<22>       |   45.737|
FP_A<11>       |FP_Z<23>       |   46.021|
FP_A<11>       |FP_Z<24>       |   45.257|
FP_A<11>       |FP_Z<25>       |   45.455|
FP_A<11>       |FP_Z<26>       |   45.348|
FP_A<11>       |FP_Z<27>       |   45.350|
FP_A<11>       |FP_Z<28>       |   45.157|
FP_A<11>       |FP_Z<29>       |   45.404|
FP_A<11>       |FP_Z<30>       |   45.835|
FP_A<11>       |FP_Z<31>       |   17.827|
FP_A<12>       |FP_Z<0>        |   49.975|
FP_A<12>       |FP_Z<1>        |   50.191|
FP_A<12>       |FP_Z<2>        |   49.615|
FP_A<12>       |FP_Z<3>        |   49.730|
FP_A<12>       |FP_Z<4>        |   50.292|
FP_A<12>       |FP_Z<5>        |   49.595|
FP_A<12>       |FP_Z<6>        |   50.019|
FP_A<12>       |FP_Z<7>        |   49.708|
FP_A<12>       |FP_Z<8>        |   49.403|
FP_A<12>       |FP_Z<9>        |   49.599|
FP_A<12>       |FP_Z<10>       |   48.280|
FP_A<12>       |FP_Z<11>       |   48.870|
FP_A<12>       |FP_Z<12>       |   47.995|
FP_A<12>       |FP_Z<13>       |   48.618|
FP_A<12>       |FP_Z<14>       |   47.700|
FP_A<12>       |FP_Z<15>       |   48.443|
FP_A<12>       |FP_Z<16>       |   48.687|
FP_A<12>       |FP_Z<17>       |   48.545|
FP_A<12>       |FP_Z<18>       |   48.623|
FP_A<12>       |FP_Z<19>       |   48.022|
FP_A<12>       |FP_Z<20>       |   48.441|
FP_A<12>       |FP_Z<21>       |   48.748|
FP_A<12>       |FP_Z<22>       |   46.695|
FP_A<12>       |FP_Z<23>       |   46.979|
FP_A<12>       |FP_Z<24>       |   46.215|
FP_A<12>       |FP_Z<25>       |   46.413|
FP_A<12>       |FP_Z<26>       |   46.306|
FP_A<12>       |FP_Z<27>       |   46.308|
FP_A<12>       |FP_Z<28>       |   46.115|
FP_A<12>       |FP_Z<29>       |   46.362|
FP_A<12>       |FP_Z<30>       |   46.793|
FP_A<12>       |FP_Z<31>       |   18.785|
FP_A<13>       |FP_Z<0>        |   49.235|
FP_A<13>       |FP_Z<1>        |   49.451|
FP_A<13>       |FP_Z<2>        |   48.875|
FP_A<13>       |FP_Z<3>        |   48.990|
FP_A<13>       |FP_Z<4>        |   49.552|
FP_A<13>       |FP_Z<5>        |   48.855|
FP_A<13>       |FP_Z<6>        |   49.279|
FP_A<13>       |FP_Z<7>        |   48.968|
FP_A<13>       |FP_Z<8>        |   48.663|
FP_A<13>       |FP_Z<9>        |   48.859|
FP_A<13>       |FP_Z<10>       |   47.540|
FP_A<13>       |FP_Z<11>       |   48.130|
FP_A<13>       |FP_Z<12>       |   47.255|
FP_A<13>       |FP_Z<13>       |   47.878|
FP_A<13>       |FP_Z<14>       |   46.960|
FP_A<13>       |FP_Z<15>       |   47.703|
FP_A<13>       |FP_Z<16>       |   47.947|
FP_A<13>       |FP_Z<17>       |   47.805|
FP_A<13>       |FP_Z<18>       |   47.883|
FP_A<13>       |FP_Z<19>       |   47.282|
FP_A<13>       |FP_Z<20>       |   47.701|
FP_A<13>       |FP_Z<21>       |   48.008|
FP_A<13>       |FP_Z<22>       |   45.955|
FP_A<13>       |FP_Z<23>       |   46.239|
FP_A<13>       |FP_Z<24>       |   45.475|
FP_A<13>       |FP_Z<25>       |   45.673|
FP_A<13>       |FP_Z<26>       |   45.566|
FP_A<13>       |FP_Z<27>       |   45.568|
FP_A<13>       |FP_Z<28>       |   45.375|
FP_A<13>       |FP_Z<29>       |   45.622|
FP_A<13>       |FP_Z<30>       |   46.053|
FP_A<13>       |FP_Z<31>       |   18.045|
FP_A<14>       |FP_Z<0>        |   49.236|
FP_A<14>       |FP_Z<1>        |   49.452|
FP_A<14>       |FP_Z<2>        |   48.876|
FP_A<14>       |FP_Z<3>        |   48.991|
FP_A<14>       |FP_Z<4>        |   49.553|
FP_A<14>       |FP_Z<5>        |   48.856|
FP_A<14>       |FP_Z<6>        |   49.280|
FP_A<14>       |FP_Z<7>        |   48.969|
FP_A<14>       |FP_Z<8>        |   48.664|
FP_A<14>       |FP_Z<9>        |   48.860|
FP_A<14>       |FP_Z<10>       |   47.541|
FP_A<14>       |FP_Z<11>       |   48.131|
FP_A<14>       |FP_Z<12>       |   47.256|
FP_A<14>       |FP_Z<13>       |   47.879|
FP_A<14>       |FP_Z<14>       |   46.961|
FP_A<14>       |FP_Z<15>       |   47.704|
FP_A<14>       |FP_Z<16>       |   47.948|
FP_A<14>       |FP_Z<17>       |   47.806|
FP_A<14>       |FP_Z<18>       |   47.884|
FP_A<14>       |FP_Z<19>       |   47.283|
FP_A<14>       |FP_Z<20>       |   47.702|
FP_A<14>       |FP_Z<21>       |   48.009|
FP_A<14>       |FP_Z<22>       |   45.956|
FP_A<14>       |FP_Z<23>       |   46.240|
FP_A<14>       |FP_Z<24>       |   45.476|
FP_A<14>       |FP_Z<25>       |   45.674|
FP_A<14>       |FP_Z<26>       |   45.567|
FP_A<14>       |FP_Z<27>       |   45.569|
FP_A<14>       |FP_Z<28>       |   45.376|
FP_A<14>       |FP_Z<29>       |   45.623|
FP_A<14>       |FP_Z<30>       |   46.054|
FP_A<14>       |FP_Z<31>       |   18.046|
FP_A<15>       |FP_Z<0>        |   48.658|
FP_A<15>       |FP_Z<1>        |   48.874|
FP_A<15>       |FP_Z<2>        |   48.298|
FP_A<15>       |FP_Z<3>        |   48.413|
FP_A<15>       |FP_Z<4>        |   48.975|
FP_A<15>       |FP_Z<5>        |   48.278|
FP_A<15>       |FP_Z<6>        |   48.702|
FP_A<15>       |FP_Z<7>        |   48.391|
FP_A<15>       |FP_Z<8>        |   48.086|
FP_A<15>       |FP_Z<9>        |   48.282|
FP_A<15>       |FP_Z<10>       |   46.963|
FP_A<15>       |FP_Z<11>       |   47.553|
FP_A<15>       |FP_Z<12>       |   46.678|
FP_A<15>       |FP_Z<13>       |   47.301|
FP_A<15>       |FP_Z<14>       |   46.383|
FP_A<15>       |FP_Z<15>       |   47.126|
FP_A<15>       |FP_Z<16>       |   47.370|
FP_A<15>       |FP_Z<17>       |   47.228|
FP_A<15>       |FP_Z<18>       |   47.306|
FP_A<15>       |FP_Z<19>       |   46.705|
FP_A<15>       |FP_Z<20>       |   47.124|
FP_A<15>       |FP_Z<21>       |   47.431|
FP_A<15>       |FP_Z<22>       |   45.378|
FP_A<15>       |FP_Z<23>       |   45.662|
FP_A<15>       |FP_Z<24>       |   44.898|
FP_A<15>       |FP_Z<25>       |   45.096|
FP_A<15>       |FP_Z<26>       |   44.989|
FP_A<15>       |FP_Z<27>       |   44.991|
FP_A<15>       |FP_Z<28>       |   44.798|
FP_A<15>       |FP_Z<29>       |   45.045|
FP_A<15>       |FP_Z<30>       |   45.476|
FP_A<15>       |FP_Z<31>       |   17.468|
FP_A<16>       |FP_Z<0>        |   49.446|
FP_A<16>       |FP_Z<1>        |   49.662|
FP_A<16>       |FP_Z<2>        |   49.086|
FP_A<16>       |FP_Z<3>        |   49.201|
FP_A<16>       |FP_Z<4>        |   49.763|
FP_A<16>       |FP_Z<5>        |   49.066|
FP_A<16>       |FP_Z<6>        |   49.490|
FP_A<16>       |FP_Z<7>        |   49.179|
FP_A<16>       |FP_Z<8>        |   48.874|
FP_A<16>       |FP_Z<9>        |   49.070|
FP_A<16>       |FP_Z<10>       |   47.751|
FP_A<16>       |FP_Z<11>       |   48.341|
FP_A<16>       |FP_Z<12>       |   47.466|
FP_A<16>       |FP_Z<13>       |   48.089|
FP_A<16>       |FP_Z<14>       |   47.171|
FP_A<16>       |FP_Z<15>       |   47.914|
FP_A<16>       |FP_Z<16>       |   48.158|
FP_A<16>       |FP_Z<17>       |   48.016|
FP_A<16>       |FP_Z<18>       |   48.094|
FP_A<16>       |FP_Z<19>       |   47.493|
FP_A<16>       |FP_Z<20>       |   47.912|
FP_A<16>       |FP_Z<21>       |   48.219|
FP_A<16>       |FP_Z<22>       |   46.166|
FP_A<16>       |FP_Z<23>       |   46.450|
FP_A<16>       |FP_Z<24>       |   45.686|
FP_A<16>       |FP_Z<25>       |   45.884|
FP_A<16>       |FP_Z<26>       |   45.777|
FP_A<16>       |FP_Z<27>       |   45.779|
FP_A<16>       |FP_Z<28>       |   45.586|
FP_A<16>       |FP_Z<29>       |   45.833|
FP_A<16>       |FP_Z<30>       |   46.264|
FP_A<16>       |FP_Z<31>       |   18.256|
FP_A<17>       |FP_Z<0>        |   48.935|
FP_A<17>       |FP_Z<1>        |   49.151|
FP_A<17>       |FP_Z<2>        |   48.575|
FP_A<17>       |FP_Z<3>        |   48.690|
FP_A<17>       |FP_Z<4>        |   49.252|
FP_A<17>       |FP_Z<5>        |   48.555|
FP_A<17>       |FP_Z<6>        |   48.979|
FP_A<17>       |FP_Z<7>        |   48.668|
FP_A<17>       |FP_Z<8>        |   48.363|
FP_A<17>       |FP_Z<9>        |   48.559|
FP_A<17>       |FP_Z<10>       |   47.240|
FP_A<17>       |FP_Z<11>       |   47.830|
FP_A<17>       |FP_Z<12>       |   46.955|
FP_A<17>       |FP_Z<13>       |   47.578|
FP_A<17>       |FP_Z<14>       |   46.660|
FP_A<17>       |FP_Z<15>       |   47.403|
FP_A<17>       |FP_Z<16>       |   47.647|
FP_A<17>       |FP_Z<17>       |   47.505|
FP_A<17>       |FP_Z<18>       |   47.583|
FP_A<17>       |FP_Z<19>       |   46.982|
FP_A<17>       |FP_Z<20>       |   47.401|
FP_A<17>       |FP_Z<21>       |   47.708|
FP_A<17>       |FP_Z<22>       |   45.655|
FP_A<17>       |FP_Z<23>       |   45.939|
FP_A<17>       |FP_Z<24>       |   45.175|
FP_A<17>       |FP_Z<25>       |   45.373|
FP_A<17>       |FP_Z<26>       |   45.266|
FP_A<17>       |FP_Z<27>       |   45.268|
FP_A<17>       |FP_Z<28>       |   45.075|
FP_A<17>       |FP_Z<29>       |   45.322|
FP_A<17>       |FP_Z<30>       |   45.753|
FP_A<17>       |FP_Z<31>       |   17.745|
FP_A<18>       |FP_Z<0>        |   49.040|
FP_A<18>       |FP_Z<1>        |   49.256|
FP_A<18>       |FP_Z<2>        |   48.680|
FP_A<18>       |FP_Z<3>        |   48.795|
FP_A<18>       |FP_Z<4>        |   49.357|
FP_A<18>       |FP_Z<5>        |   48.660|
FP_A<18>       |FP_Z<6>        |   49.084|
FP_A<18>       |FP_Z<7>        |   48.773|
FP_A<18>       |FP_Z<8>        |   48.468|
FP_A<18>       |FP_Z<9>        |   48.664|
FP_A<18>       |FP_Z<10>       |   47.345|
FP_A<18>       |FP_Z<11>       |   47.935|
FP_A<18>       |FP_Z<12>       |   47.060|
FP_A<18>       |FP_Z<13>       |   47.683|
FP_A<18>       |FP_Z<14>       |   46.765|
FP_A<18>       |FP_Z<15>       |   47.508|
FP_A<18>       |FP_Z<16>       |   47.752|
FP_A<18>       |FP_Z<17>       |   47.610|
FP_A<18>       |FP_Z<18>       |   47.688|
FP_A<18>       |FP_Z<19>       |   47.087|
FP_A<18>       |FP_Z<20>       |   47.506|
FP_A<18>       |FP_Z<21>       |   47.813|
FP_A<18>       |FP_Z<22>       |   45.760|
FP_A<18>       |FP_Z<23>       |   46.044|
FP_A<18>       |FP_Z<24>       |   45.280|
FP_A<18>       |FP_Z<25>       |   45.478|
FP_A<18>       |FP_Z<26>       |   45.371|
FP_A<18>       |FP_Z<27>       |   45.373|
FP_A<18>       |FP_Z<28>       |   45.180|
FP_A<18>       |FP_Z<29>       |   45.427|
FP_A<18>       |FP_Z<30>       |   45.858|
FP_A<18>       |FP_Z<31>       |   17.850|
FP_A<19>       |FP_Z<0>        |   48.756|
FP_A<19>       |FP_Z<1>        |   48.972|
FP_A<19>       |FP_Z<2>        |   48.396|
FP_A<19>       |FP_Z<3>        |   48.511|
FP_A<19>       |FP_Z<4>        |   49.073|
FP_A<19>       |FP_Z<5>        |   48.376|
FP_A<19>       |FP_Z<6>        |   48.800|
FP_A<19>       |FP_Z<7>        |   48.489|
FP_A<19>       |FP_Z<8>        |   48.184|
FP_A<19>       |FP_Z<9>        |   48.380|
FP_A<19>       |FP_Z<10>       |   47.061|
FP_A<19>       |FP_Z<11>       |   47.651|
FP_A<19>       |FP_Z<12>       |   46.776|
FP_A<19>       |FP_Z<13>       |   47.399|
FP_A<19>       |FP_Z<14>       |   46.481|
FP_A<19>       |FP_Z<15>       |   47.224|
FP_A<19>       |FP_Z<16>       |   47.468|
FP_A<19>       |FP_Z<17>       |   47.326|
FP_A<19>       |FP_Z<18>       |   47.404|
FP_A<19>       |FP_Z<19>       |   46.803|
FP_A<19>       |FP_Z<20>       |   47.222|
FP_A<19>       |FP_Z<21>       |   47.529|
FP_A<19>       |FP_Z<22>       |   45.476|
FP_A<19>       |FP_Z<23>       |   45.760|
FP_A<19>       |FP_Z<24>       |   44.996|
FP_A<19>       |FP_Z<25>       |   45.194|
FP_A<19>       |FP_Z<26>       |   45.087|
FP_A<19>       |FP_Z<27>       |   45.089|
FP_A<19>       |FP_Z<28>       |   44.896|
FP_A<19>       |FP_Z<29>       |   45.143|
FP_A<19>       |FP_Z<30>       |   45.574|
FP_A<19>       |FP_Z<31>       |   17.566|
FP_A<20>       |FP_Z<0>        |   50.035|
FP_A<20>       |FP_Z<1>        |   50.251|
FP_A<20>       |FP_Z<2>        |   49.675|
FP_A<20>       |FP_Z<3>        |   49.790|
FP_A<20>       |FP_Z<4>        |   50.352|
FP_A<20>       |FP_Z<5>        |   49.655|
FP_A<20>       |FP_Z<6>        |   50.079|
FP_A<20>       |FP_Z<7>        |   49.768|
FP_A<20>       |FP_Z<8>        |   49.463|
FP_A<20>       |FP_Z<9>        |   49.659|
FP_A<20>       |FP_Z<10>       |   48.340|
FP_A<20>       |FP_Z<11>       |   48.930|
FP_A<20>       |FP_Z<12>       |   48.055|
FP_A<20>       |FP_Z<13>       |   48.678|
FP_A<20>       |FP_Z<14>       |   47.760|
FP_A<20>       |FP_Z<15>       |   48.503|
FP_A<20>       |FP_Z<16>       |   48.747|
FP_A<20>       |FP_Z<17>       |   48.605|
FP_A<20>       |FP_Z<18>       |   48.683|
FP_A<20>       |FP_Z<19>       |   48.082|
FP_A<20>       |FP_Z<20>       |   48.501|
FP_A<20>       |FP_Z<21>       |   48.808|
FP_A<20>       |FP_Z<22>       |   46.755|
FP_A<20>       |FP_Z<23>       |   47.039|
FP_A<20>       |FP_Z<24>       |   46.275|
FP_A<20>       |FP_Z<25>       |   46.473|
FP_A<20>       |FP_Z<26>       |   46.366|
FP_A<20>       |FP_Z<27>       |   46.368|
FP_A<20>       |FP_Z<28>       |   46.175|
FP_A<20>       |FP_Z<29>       |   46.422|
FP_A<20>       |FP_Z<30>       |   46.853|
FP_A<20>       |FP_Z<31>       |   18.845|
FP_A<21>       |FP_Z<0>        |   50.157|
FP_A<21>       |FP_Z<1>        |   50.373|
FP_A<21>       |FP_Z<2>        |   49.797|
FP_A<21>       |FP_Z<3>        |   49.912|
FP_A<21>       |FP_Z<4>        |   50.474|
FP_A<21>       |FP_Z<5>        |   49.777|
FP_A<21>       |FP_Z<6>        |   50.201|
FP_A<21>       |FP_Z<7>        |   49.890|
FP_A<21>       |FP_Z<8>        |   49.585|
FP_A<21>       |FP_Z<9>        |   49.781|
FP_A<21>       |FP_Z<10>       |   48.462|
FP_A<21>       |FP_Z<11>       |   49.052|
FP_A<21>       |FP_Z<12>       |   48.177|
FP_A<21>       |FP_Z<13>       |   48.800|
FP_A<21>       |FP_Z<14>       |   47.882|
FP_A<21>       |FP_Z<15>       |   48.625|
FP_A<21>       |FP_Z<16>       |   48.869|
FP_A<21>       |FP_Z<17>       |   48.727|
FP_A<21>       |FP_Z<18>       |   48.805|
FP_A<21>       |FP_Z<19>       |   48.204|
FP_A<21>       |FP_Z<20>       |   48.623|
FP_A<21>       |FP_Z<21>       |   48.930|
FP_A<21>       |FP_Z<22>       |   46.877|
FP_A<21>       |FP_Z<23>       |   47.161|
FP_A<21>       |FP_Z<24>       |   46.397|
FP_A<21>       |FP_Z<25>       |   46.595|
FP_A<21>       |FP_Z<26>       |   46.488|
FP_A<21>       |FP_Z<27>       |   46.490|
FP_A<21>       |FP_Z<28>       |   46.297|
FP_A<21>       |FP_Z<29>       |   46.544|
FP_A<21>       |FP_Z<30>       |   46.975|
FP_A<21>       |FP_Z<31>       |   18.967|
FP_A<22>       |FP_Z<0>        |   49.742|
FP_A<22>       |FP_Z<1>        |   49.958|
FP_A<22>       |FP_Z<2>        |   49.382|
FP_A<22>       |FP_Z<3>        |   49.497|
FP_A<22>       |FP_Z<4>        |   50.059|
FP_A<22>       |FP_Z<5>        |   49.362|
FP_A<22>       |FP_Z<6>        |   49.786|
FP_A<22>       |FP_Z<7>        |   49.475|
FP_A<22>       |FP_Z<8>        |   49.170|
FP_A<22>       |FP_Z<9>        |   49.366|
FP_A<22>       |FP_Z<10>       |   48.047|
FP_A<22>       |FP_Z<11>       |   48.637|
FP_A<22>       |FP_Z<12>       |   47.762|
FP_A<22>       |FP_Z<13>       |   48.385|
FP_A<22>       |FP_Z<14>       |   47.467|
FP_A<22>       |FP_Z<15>       |   48.210|
FP_A<22>       |FP_Z<16>       |   48.454|
FP_A<22>       |FP_Z<17>       |   48.312|
FP_A<22>       |FP_Z<18>       |   48.390|
FP_A<22>       |FP_Z<19>       |   47.789|
FP_A<22>       |FP_Z<20>       |   48.208|
FP_A<22>       |FP_Z<21>       |   48.515|
FP_A<22>       |FP_Z<22>       |   46.462|
FP_A<22>       |FP_Z<23>       |   46.746|
FP_A<22>       |FP_Z<24>       |   45.982|
FP_A<22>       |FP_Z<25>       |   46.180|
FP_A<22>       |FP_Z<26>       |   46.073|
FP_A<22>       |FP_Z<27>       |   46.075|
FP_A<22>       |FP_Z<28>       |   45.882|
FP_A<22>       |FP_Z<29>       |   46.129|
FP_A<22>       |FP_Z<30>       |   46.560|
FP_A<22>       |FP_Z<31>       |   18.552|
FP_A<23>       |FP_Z<0>        |   57.975|
FP_A<23>       |FP_Z<1>        |   58.191|
FP_A<23>       |FP_Z<2>        |   57.615|
FP_A<23>       |FP_Z<3>        |   57.730|
FP_A<23>       |FP_Z<4>        |   58.292|
FP_A<23>       |FP_Z<5>        |   57.595|
FP_A<23>       |FP_Z<6>        |   58.019|
FP_A<23>       |FP_Z<7>        |   57.708|
FP_A<23>       |FP_Z<8>        |   57.403|
FP_A<23>       |FP_Z<9>        |   57.599|
FP_A<23>       |FP_Z<10>       |   56.280|
FP_A<23>       |FP_Z<11>       |   56.870|
FP_A<23>       |FP_Z<12>       |   55.995|
FP_A<23>       |FP_Z<13>       |   56.618|
FP_A<23>       |FP_Z<14>       |   55.700|
FP_A<23>       |FP_Z<15>       |   56.443|
FP_A<23>       |FP_Z<16>       |   56.687|
FP_A<23>       |FP_Z<17>       |   56.545|
FP_A<23>       |FP_Z<18>       |   56.623|
FP_A<23>       |FP_Z<19>       |   56.022|
FP_A<23>       |FP_Z<20>       |   56.441|
FP_A<23>       |FP_Z<21>       |   56.748|
FP_A<23>       |FP_Z<22>       |   54.695|
FP_A<23>       |FP_Z<23>       |   54.979|
FP_A<23>       |FP_Z<24>       |   54.215|
FP_A<23>       |FP_Z<25>       |   54.413|
FP_A<23>       |FP_Z<26>       |   54.306|
FP_A<23>       |FP_Z<27>       |   54.308|
FP_A<23>       |FP_Z<28>       |   54.115|
FP_A<23>       |FP_Z<29>       |   54.362|
FP_A<23>       |FP_Z<30>       |   54.793|
FP_A<23>       |FP_Z<31>       |   26.785|
FP_A<24>       |FP_Z<0>        |   57.825|
FP_A<24>       |FP_Z<1>        |   58.041|
FP_A<24>       |FP_Z<2>        |   57.465|
FP_A<24>       |FP_Z<3>        |   57.580|
FP_A<24>       |FP_Z<4>        |   58.142|
FP_A<24>       |FP_Z<5>        |   57.445|
FP_A<24>       |FP_Z<6>        |   57.869|
FP_A<24>       |FP_Z<7>        |   57.558|
FP_A<24>       |FP_Z<8>        |   57.253|
FP_A<24>       |FP_Z<9>        |   57.449|
FP_A<24>       |FP_Z<10>       |   56.130|
FP_A<24>       |FP_Z<11>       |   56.720|
FP_A<24>       |FP_Z<12>       |   55.845|
FP_A<24>       |FP_Z<13>       |   56.468|
FP_A<24>       |FP_Z<14>       |   55.550|
FP_A<24>       |FP_Z<15>       |   56.293|
FP_A<24>       |FP_Z<16>       |   56.537|
FP_A<24>       |FP_Z<17>       |   56.395|
FP_A<24>       |FP_Z<18>       |   56.473|
FP_A<24>       |FP_Z<19>       |   55.872|
FP_A<24>       |FP_Z<20>       |   56.291|
FP_A<24>       |FP_Z<21>       |   56.598|
FP_A<24>       |FP_Z<22>       |   54.545|
FP_A<24>       |FP_Z<23>       |   54.829|
FP_A<24>       |FP_Z<24>       |   54.065|
FP_A<24>       |FP_Z<25>       |   54.263|
FP_A<24>       |FP_Z<26>       |   54.156|
FP_A<24>       |FP_Z<27>       |   54.158|
FP_A<24>       |FP_Z<28>       |   53.965|
FP_A<24>       |FP_Z<29>       |   54.212|
FP_A<24>       |FP_Z<30>       |   54.643|
FP_A<24>       |FP_Z<31>       |   26.635|
FP_A<25>       |FP_Z<0>        |   58.038|
FP_A<25>       |FP_Z<1>        |   58.254|
FP_A<25>       |FP_Z<2>        |   57.678|
FP_A<25>       |FP_Z<3>        |   57.793|
FP_A<25>       |FP_Z<4>        |   58.355|
FP_A<25>       |FP_Z<5>        |   57.658|
FP_A<25>       |FP_Z<6>        |   58.082|
FP_A<25>       |FP_Z<7>        |   57.771|
FP_A<25>       |FP_Z<8>        |   57.466|
FP_A<25>       |FP_Z<9>        |   57.662|
FP_A<25>       |FP_Z<10>       |   56.343|
FP_A<25>       |FP_Z<11>       |   56.933|
FP_A<25>       |FP_Z<12>       |   56.058|
FP_A<25>       |FP_Z<13>       |   56.681|
FP_A<25>       |FP_Z<14>       |   55.763|
FP_A<25>       |FP_Z<15>       |   56.506|
FP_A<25>       |FP_Z<16>       |   56.750|
FP_A<25>       |FP_Z<17>       |   56.608|
FP_A<25>       |FP_Z<18>       |   56.686|
FP_A<25>       |FP_Z<19>       |   56.085|
FP_A<25>       |FP_Z<20>       |   56.504|
FP_A<25>       |FP_Z<21>       |   56.811|
FP_A<25>       |FP_Z<22>       |   54.758|
FP_A<25>       |FP_Z<23>       |   55.042|
FP_A<25>       |FP_Z<24>       |   54.278|
FP_A<25>       |FP_Z<25>       |   54.476|
FP_A<25>       |FP_Z<26>       |   54.369|
FP_A<25>       |FP_Z<27>       |   54.371|
FP_A<25>       |FP_Z<28>       |   54.178|
FP_A<25>       |FP_Z<29>       |   54.425|
FP_A<25>       |FP_Z<30>       |   54.856|
FP_A<25>       |FP_Z<31>       |   26.848|
FP_A<26>       |FP_Z<0>        |   58.158|
FP_A<26>       |FP_Z<1>        |   58.374|
FP_A<26>       |FP_Z<2>        |   57.798|
FP_A<26>       |FP_Z<3>        |   57.913|
FP_A<26>       |FP_Z<4>        |   58.475|
FP_A<26>       |FP_Z<5>        |   57.778|
FP_A<26>       |FP_Z<6>        |   58.202|
FP_A<26>       |FP_Z<7>        |   57.891|
FP_A<26>       |FP_Z<8>        |   57.586|
FP_A<26>       |FP_Z<9>        |   57.782|
FP_A<26>       |FP_Z<10>       |   56.463|
FP_A<26>       |FP_Z<11>       |   57.053|
FP_A<26>       |FP_Z<12>       |   56.178|
FP_A<26>       |FP_Z<13>       |   56.801|
FP_A<26>       |FP_Z<14>       |   55.883|
FP_A<26>       |FP_Z<15>       |   56.626|
FP_A<26>       |FP_Z<16>       |   56.870|
FP_A<26>       |FP_Z<17>       |   56.728|
FP_A<26>       |FP_Z<18>       |   56.806|
FP_A<26>       |FP_Z<19>       |   56.205|
FP_A<26>       |FP_Z<20>       |   56.624|
FP_A<26>       |FP_Z<21>       |   56.931|
FP_A<26>       |FP_Z<22>       |   54.878|
FP_A<26>       |FP_Z<23>       |   55.162|
FP_A<26>       |FP_Z<24>       |   54.398|
FP_A<26>       |FP_Z<25>       |   54.596|
FP_A<26>       |FP_Z<26>       |   54.489|
FP_A<26>       |FP_Z<27>       |   54.491|
FP_A<26>       |FP_Z<28>       |   54.298|
FP_A<26>       |FP_Z<29>       |   54.545|
FP_A<26>       |FP_Z<30>       |   54.976|
FP_A<26>       |FP_Z<31>       |   26.968|
FP_A<27>       |FP_Z<0>        |   57.671|
FP_A<27>       |FP_Z<1>        |   57.887|
FP_A<27>       |FP_Z<2>        |   57.311|
FP_A<27>       |FP_Z<3>        |   57.426|
FP_A<27>       |FP_Z<4>        |   57.988|
FP_A<27>       |FP_Z<5>        |   57.291|
FP_A<27>       |FP_Z<6>        |   57.715|
FP_A<27>       |FP_Z<7>        |   57.404|
FP_A<27>       |FP_Z<8>        |   57.099|
FP_A<27>       |FP_Z<9>        |   57.295|
FP_A<27>       |FP_Z<10>       |   55.976|
FP_A<27>       |FP_Z<11>       |   56.566|
FP_A<27>       |FP_Z<12>       |   55.691|
FP_A<27>       |FP_Z<13>       |   56.314|
FP_A<27>       |FP_Z<14>       |   55.396|
FP_A<27>       |FP_Z<15>       |   56.139|
FP_A<27>       |FP_Z<16>       |   56.383|
FP_A<27>       |FP_Z<17>       |   56.241|
FP_A<27>       |FP_Z<18>       |   56.319|
FP_A<27>       |FP_Z<19>       |   55.718|
FP_A<27>       |FP_Z<20>       |   56.137|
FP_A<27>       |FP_Z<21>       |   56.444|
FP_A<27>       |FP_Z<22>       |   54.391|
FP_A<27>       |FP_Z<23>       |   54.675|
FP_A<27>       |FP_Z<24>       |   53.911|
FP_A<27>       |FP_Z<25>       |   54.109|
FP_A<27>       |FP_Z<26>       |   54.002|
FP_A<27>       |FP_Z<27>       |   54.004|
FP_A<27>       |FP_Z<28>       |   53.811|
FP_A<27>       |FP_Z<29>       |   54.058|
FP_A<27>       |FP_Z<30>       |   54.489|
FP_A<27>       |FP_Z<31>       |   26.481|
FP_A<28>       |FP_Z<0>        |   58.100|
FP_A<28>       |FP_Z<1>        |   58.316|
FP_A<28>       |FP_Z<2>        |   57.740|
FP_A<28>       |FP_Z<3>        |   57.855|
FP_A<28>       |FP_Z<4>        |   58.417|
FP_A<28>       |FP_Z<5>        |   57.720|
FP_A<28>       |FP_Z<6>        |   58.144|
FP_A<28>       |FP_Z<7>        |   57.833|
FP_A<28>       |FP_Z<8>        |   57.528|
FP_A<28>       |FP_Z<9>        |   57.724|
FP_A<28>       |FP_Z<10>       |   56.405|
FP_A<28>       |FP_Z<11>       |   56.995|
FP_A<28>       |FP_Z<12>       |   56.120|
FP_A<28>       |FP_Z<13>       |   56.743|
FP_A<28>       |FP_Z<14>       |   55.825|
FP_A<28>       |FP_Z<15>       |   56.568|
FP_A<28>       |FP_Z<16>       |   56.812|
FP_A<28>       |FP_Z<17>       |   56.670|
FP_A<28>       |FP_Z<18>       |   56.748|
FP_A<28>       |FP_Z<19>       |   56.147|
FP_A<28>       |FP_Z<20>       |   56.566|
FP_A<28>       |FP_Z<21>       |   56.873|
FP_A<28>       |FP_Z<22>       |   54.820|
FP_A<28>       |FP_Z<23>       |   55.104|
FP_A<28>       |FP_Z<24>       |   54.340|
FP_A<28>       |FP_Z<25>       |   54.538|
FP_A<28>       |FP_Z<26>       |   54.431|
FP_A<28>       |FP_Z<27>       |   54.433|
FP_A<28>       |FP_Z<28>       |   54.240|
FP_A<28>       |FP_Z<29>       |   54.487|
FP_A<28>       |FP_Z<30>       |   54.918|
FP_A<28>       |FP_Z<31>       |   26.910|
FP_A<29>       |FP_Z<0>        |   57.569|
FP_A<29>       |FP_Z<1>        |   57.785|
FP_A<29>       |FP_Z<2>        |   57.209|
FP_A<29>       |FP_Z<3>        |   57.324|
FP_A<29>       |FP_Z<4>        |   57.886|
FP_A<29>       |FP_Z<5>        |   57.189|
FP_A<29>       |FP_Z<6>        |   57.613|
FP_A<29>       |FP_Z<7>        |   57.302|
FP_A<29>       |FP_Z<8>        |   56.997|
FP_A<29>       |FP_Z<9>        |   57.193|
FP_A<29>       |FP_Z<10>       |   55.874|
FP_A<29>       |FP_Z<11>       |   56.464|
FP_A<29>       |FP_Z<12>       |   55.589|
FP_A<29>       |FP_Z<13>       |   56.212|
FP_A<29>       |FP_Z<14>       |   55.294|
FP_A<29>       |FP_Z<15>       |   56.037|
FP_A<29>       |FP_Z<16>       |   56.281|
FP_A<29>       |FP_Z<17>       |   56.139|
FP_A<29>       |FP_Z<18>       |   56.217|
FP_A<29>       |FP_Z<19>       |   55.616|
FP_A<29>       |FP_Z<20>       |   56.035|
FP_A<29>       |FP_Z<21>       |   56.342|
FP_A<29>       |FP_Z<22>       |   54.289|
FP_A<29>       |FP_Z<23>       |   54.573|
FP_A<29>       |FP_Z<24>       |   53.809|
FP_A<29>       |FP_Z<25>       |   54.007|
FP_A<29>       |FP_Z<26>       |   53.900|
FP_A<29>       |FP_Z<27>       |   53.902|
FP_A<29>       |FP_Z<28>       |   53.709|
FP_A<29>       |FP_Z<29>       |   53.956|
FP_A<29>       |FP_Z<30>       |   54.387|
FP_A<29>       |FP_Z<31>       |   26.379|
FP_A<30>       |FP_Z<0>        |   58.663|
FP_A<30>       |FP_Z<1>        |   58.879|
FP_A<30>       |FP_Z<2>        |   58.303|
FP_A<30>       |FP_Z<3>        |   58.418|
FP_A<30>       |FP_Z<4>        |   58.980|
FP_A<30>       |FP_Z<5>        |   58.283|
FP_A<30>       |FP_Z<6>        |   58.707|
FP_A<30>       |FP_Z<7>        |   58.396|
FP_A<30>       |FP_Z<8>        |   58.091|
FP_A<30>       |FP_Z<9>        |   58.287|
FP_A<30>       |FP_Z<10>       |   56.968|
FP_A<30>       |FP_Z<11>       |   57.558|
FP_A<30>       |FP_Z<12>       |   56.683|
FP_A<30>       |FP_Z<13>       |   57.306|
FP_A<30>       |FP_Z<14>       |   56.388|
FP_A<30>       |FP_Z<15>       |   57.131|
FP_A<30>       |FP_Z<16>       |   57.375|
FP_A<30>       |FP_Z<17>       |   57.233|
FP_A<30>       |FP_Z<18>       |   57.311|
FP_A<30>       |FP_Z<19>       |   56.710|
FP_A<30>       |FP_Z<20>       |   57.129|
FP_A<30>       |FP_Z<21>       |   57.436|
FP_A<30>       |FP_Z<22>       |   55.383|
FP_A<30>       |FP_Z<23>       |   55.667|
FP_A<30>       |FP_Z<24>       |   54.903|
FP_A<30>       |FP_Z<25>       |   55.101|
FP_A<30>       |FP_Z<26>       |   54.994|
FP_A<30>       |FP_Z<27>       |   54.996|
FP_A<30>       |FP_Z<28>       |   54.803|
FP_A<30>       |FP_Z<29>       |   55.050|
FP_A<30>       |FP_Z<30>       |   55.481|
FP_A<30>       |FP_Z<31>       |   27.473|
FP_A<31>       |FP_Z<0>        |   48.452|
FP_A<31>       |FP_Z<1>        |   48.668|
FP_A<31>       |FP_Z<2>        |   48.092|
FP_A<31>       |FP_Z<3>        |   48.207|
FP_A<31>       |FP_Z<4>        |   48.769|
FP_A<31>       |FP_Z<5>        |   48.072|
FP_A<31>       |FP_Z<6>        |   48.496|
FP_A<31>       |FP_Z<7>        |   48.185|
FP_A<31>       |FP_Z<8>        |   47.880|
FP_A<31>       |FP_Z<9>        |   48.076|
FP_A<31>       |FP_Z<10>       |   46.757|
FP_A<31>       |FP_Z<11>       |   47.347|
FP_A<31>       |FP_Z<12>       |   46.472|
FP_A<31>       |FP_Z<13>       |   47.095|
FP_A<31>       |FP_Z<14>       |   46.177|
FP_A<31>       |FP_Z<15>       |   46.920|
FP_A<31>       |FP_Z<16>       |   47.164|
FP_A<31>       |FP_Z<17>       |   47.022|
FP_A<31>       |FP_Z<18>       |   47.100|
FP_A<31>       |FP_Z<19>       |   46.499|
FP_A<31>       |FP_Z<20>       |   46.918|
FP_A<31>       |FP_Z<21>       |   47.225|
FP_A<31>       |FP_Z<22>       |   45.172|
FP_A<31>       |FP_Z<23>       |   45.456|
FP_A<31>       |FP_Z<24>       |   44.692|
FP_A<31>       |FP_Z<25>       |   44.890|
FP_A<31>       |FP_Z<26>       |   44.783|
FP_A<31>       |FP_Z<27>       |   44.785|
FP_A<31>       |FP_Z<28>       |   44.592|
FP_A<31>       |FP_Z<29>       |   44.839|
FP_A<31>       |FP_Z<30>       |   45.270|
FP_A<31>       |FP_Z<31>       |   17.262|
FP_B<0>        |FP_Z<0>        |   49.868|
FP_B<0>        |FP_Z<1>        |   50.084|
FP_B<0>        |FP_Z<2>        |   49.508|
FP_B<0>        |FP_Z<3>        |   49.623|
FP_B<0>        |FP_Z<4>        |   50.185|
FP_B<0>        |FP_Z<5>        |   49.488|
FP_B<0>        |FP_Z<6>        |   49.912|
FP_B<0>        |FP_Z<7>        |   49.601|
FP_B<0>        |FP_Z<8>        |   49.296|
FP_B<0>        |FP_Z<9>        |   49.492|
FP_B<0>        |FP_Z<10>       |   48.173|
FP_B<0>        |FP_Z<11>       |   48.763|
FP_B<0>        |FP_Z<12>       |   47.888|
FP_B<0>        |FP_Z<13>       |   48.511|
FP_B<0>        |FP_Z<14>       |   47.593|
FP_B<0>        |FP_Z<15>       |   48.336|
FP_B<0>        |FP_Z<16>       |   48.580|
FP_B<0>        |FP_Z<17>       |   48.438|
FP_B<0>        |FP_Z<18>       |   48.516|
FP_B<0>        |FP_Z<19>       |   47.915|
FP_B<0>        |FP_Z<20>       |   48.334|
FP_B<0>        |FP_Z<21>       |   48.641|
FP_B<0>        |FP_Z<22>       |   46.588|
FP_B<0>        |FP_Z<23>       |   46.872|
FP_B<0>        |FP_Z<24>       |   46.108|
FP_B<0>        |FP_Z<25>       |   46.306|
FP_B<0>        |FP_Z<26>       |   46.199|
FP_B<0>        |FP_Z<27>       |   46.201|
FP_B<0>        |FP_Z<28>       |   46.008|
FP_B<0>        |FP_Z<29>       |   46.255|
FP_B<0>        |FP_Z<30>       |   46.686|
FP_B<0>        |FP_Z<31>       |   18.678|
FP_B<1>        |FP_Z<0>        |   49.459|
FP_B<1>        |FP_Z<1>        |   49.675|
FP_B<1>        |FP_Z<2>        |   49.099|
FP_B<1>        |FP_Z<3>        |   49.214|
FP_B<1>        |FP_Z<4>        |   49.776|
FP_B<1>        |FP_Z<5>        |   49.079|
FP_B<1>        |FP_Z<6>        |   49.503|
FP_B<1>        |FP_Z<7>        |   49.192|
FP_B<1>        |FP_Z<8>        |   48.887|
FP_B<1>        |FP_Z<9>        |   49.083|
FP_B<1>        |FP_Z<10>       |   47.764|
FP_B<1>        |FP_Z<11>       |   48.354|
FP_B<1>        |FP_Z<12>       |   47.479|
FP_B<1>        |FP_Z<13>       |   48.102|
FP_B<1>        |FP_Z<14>       |   47.184|
FP_B<1>        |FP_Z<15>       |   47.927|
FP_B<1>        |FP_Z<16>       |   48.171|
FP_B<1>        |FP_Z<17>       |   48.029|
FP_B<1>        |FP_Z<18>       |   48.107|
FP_B<1>        |FP_Z<19>       |   47.506|
FP_B<1>        |FP_Z<20>       |   47.925|
FP_B<1>        |FP_Z<21>       |   48.232|
FP_B<1>        |FP_Z<22>       |   46.179|
FP_B<1>        |FP_Z<23>       |   46.463|
FP_B<1>        |FP_Z<24>       |   45.699|
FP_B<1>        |FP_Z<25>       |   45.897|
FP_B<1>        |FP_Z<26>       |   45.790|
FP_B<1>        |FP_Z<27>       |   45.792|
FP_B<1>        |FP_Z<28>       |   45.599|
FP_B<1>        |FP_Z<29>       |   45.846|
FP_B<1>        |FP_Z<30>       |   46.277|
FP_B<1>        |FP_Z<31>       |   18.269|
FP_B<2>        |FP_Z<0>        |   49.296|
FP_B<2>        |FP_Z<1>        |   49.512|
FP_B<2>        |FP_Z<2>        |   48.936|
FP_B<2>        |FP_Z<3>        |   49.051|
FP_B<2>        |FP_Z<4>        |   49.613|
FP_B<2>        |FP_Z<5>        |   48.916|
FP_B<2>        |FP_Z<6>        |   49.340|
FP_B<2>        |FP_Z<7>        |   49.029|
FP_B<2>        |FP_Z<8>        |   48.724|
FP_B<2>        |FP_Z<9>        |   48.920|
FP_B<2>        |FP_Z<10>       |   47.601|
FP_B<2>        |FP_Z<11>       |   48.191|
FP_B<2>        |FP_Z<12>       |   47.316|
FP_B<2>        |FP_Z<13>       |   47.939|
FP_B<2>        |FP_Z<14>       |   47.021|
FP_B<2>        |FP_Z<15>       |   47.764|
FP_B<2>        |FP_Z<16>       |   48.008|
FP_B<2>        |FP_Z<17>       |   47.866|
FP_B<2>        |FP_Z<18>       |   47.944|
FP_B<2>        |FP_Z<19>       |   47.343|
FP_B<2>        |FP_Z<20>       |   47.762|
FP_B<2>        |FP_Z<21>       |   48.069|
FP_B<2>        |FP_Z<22>       |   46.016|
FP_B<2>        |FP_Z<23>       |   46.300|
FP_B<2>        |FP_Z<24>       |   45.536|
FP_B<2>        |FP_Z<25>       |   45.734|
FP_B<2>        |FP_Z<26>       |   45.627|
FP_B<2>        |FP_Z<27>       |   45.629|
FP_B<2>        |FP_Z<28>       |   45.436|
FP_B<2>        |FP_Z<29>       |   45.683|
FP_B<2>        |FP_Z<30>       |   46.114|
FP_B<2>        |FP_Z<31>       |   18.106|
FP_B<3>        |FP_Z<0>        |   48.471|
FP_B<3>        |FP_Z<1>        |   48.687|
FP_B<3>        |FP_Z<2>        |   48.111|
FP_B<3>        |FP_Z<3>        |   48.226|
FP_B<3>        |FP_Z<4>        |   48.788|
FP_B<3>        |FP_Z<5>        |   48.091|
FP_B<3>        |FP_Z<6>        |   48.515|
FP_B<3>        |FP_Z<7>        |   48.204|
FP_B<3>        |FP_Z<8>        |   47.899|
FP_B<3>        |FP_Z<9>        |   48.095|
FP_B<3>        |FP_Z<10>       |   46.776|
FP_B<3>        |FP_Z<11>       |   47.366|
FP_B<3>        |FP_Z<12>       |   46.491|
FP_B<3>        |FP_Z<13>       |   47.114|
FP_B<3>        |FP_Z<14>       |   46.196|
FP_B<3>        |FP_Z<15>       |   46.939|
FP_B<3>        |FP_Z<16>       |   47.183|
FP_B<3>        |FP_Z<17>       |   47.041|
FP_B<3>        |FP_Z<18>       |   47.119|
FP_B<3>        |FP_Z<19>       |   46.518|
FP_B<3>        |FP_Z<20>       |   46.937|
FP_B<3>        |FP_Z<21>       |   47.244|
FP_B<3>        |FP_Z<22>       |   45.191|
FP_B<3>        |FP_Z<23>       |   45.475|
FP_B<3>        |FP_Z<24>       |   44.711|
FP_B<3>        |FP_Z<25>       |   44.909|
FP_B<3>        |FP_Z<26>       |   44.802|
FP_B<3>        |FP_Z<27>       |   44.804|
FP_B<3>        |FP_Z<28>       |   44.611|
FP_B<3>        |FP_Z<29>       |   44.858|
FP_B<3>        |FP_Z<30>       |   45.289|
FP_B<3>        |FP_Z<31>       |   17.281|
FP_B<4>        |FP_Z<0>        |   49.746|
FP_B<4>        |FP_Z<1>        |   49.962|
FP_B<4>        |FP_Z<2>        |   49.386|
FP_B<4>        |FP_Z<3>        |   49.501|
FP_B<4>        |FP_Z<4>        |   50.063|
FP_B<4>        |FP_Z<5>        |   49.366|
FP_B<4>        |FP_Z<6>        |   49.790|
FP_B<4>        |FP_Z<7>        |   49.479|
FP_B<4>        |FP_Z<8>        |   49.174|
FP_B<4>        |FP_Z<9>        |   49.370|
FP_B<4>        |FP_Z<10>       |   48.051|
FP_B<4>        |FP_Z<11>       |   48.641|
FP_B<4>        |FP_Z<12>       |   47.766|
FP_B<4>        |FP_Z<13>       |   48.389|
FP_B<4>        |FP_Z<14>       |   47.471|
FP_B<4>        |FP_Z<15>       |   48.214|
FP_B<4>        |FP_Z<16>       |   48.458|
FP_B<4>        |FP_Z<17>       |   48.316|
FP_B<4>        |FP_Z<18>       |   48.394|
FP_B<4>        |FP_Z<19>       |   47.793|
FP_B<4>        |FP_Z<20>       |   48.212|
FP_B<4>        |FP_Z<21>       |   48.519|
FP_B<4>        |FP_Z<22>       |   46.466|
FP_B<4>        |FP_Z<23>       |   46.750|
FP_B<4>        |FP_Z<24>       |   45.986|
FP_B<4>        |FP_Z<25>       |   46.184|
FP_B<4>        |FP_Z<26>       |   46.077|
FP_B<4>        |FP_Z<27>       |   46.079|
FP_B<4>        |FP_Z<28>       |   45.886|
FP_B<4>        |FP_Z<29>       |   46.133|
FP_B<4>        |FP_Z<30>       |   46.564|
FP_B<4>        |FP_Z<31>       |   18.556|
FP_B<5>        |FP_Z<0>        |   48.425|
FP_B<5>        |FP_Z<1>        |   48.641|
FP_B<5>        |FP_Z<2>        |   48.065|
FP_B<5>        |FP_Z<3>        |   48.180|
FP_B<5>        |FP_Z<4>        |   48.742|
FP_B<5>        |FP_Z<5>        |   48.045|
FP_B<5>        |FP_Z<6>        |   48.469|
FP_B<5>        |FP_Z<7>        |   48.158|
FP_B<5>        |FP_Z<8>        |   47.853|
FP_B<5>        |FP_Z<9>        |   48.049|
FP_B<5>        |FP_Z<10>       |   46.730|
FP_B<5>        |FP_Z<11>       |   47.320|
FP_B<5>        |FP_Z<12>       |   46.445|
FP_B<5>        |FP_Z<13>       |   47.068|
FP_B<5>        |FP_Z<14>       |   46.150|
FP_B<5>        |FP_Z<15>       |   46.893|
FP_B<5>        |FP_Z<16>       |   47.137|
FP_B<5>        |FP_Z<17>       |   46.995|
FP_B<5>        |FP_Z<18>       |   47.073|
FP_B<5>        |FP_Z<19>       |   46.472|
FP_B<5>        |FP_Z<20>       |   46.891|
FP_B<5>        |FP_Z<21>       |   47.198|
FP_B<5>        |FP_Z<22>       |   45.145|
FP_B<5>        |FP_Z<23>       |   45.429|
FP_B<5>        |FP_Z<24>       |   44.665|
FP_B<5>        |FP_Z<25>       |   44.863|
FP_B<5>        |FP_Z<26>       |   44.756|
FP_B<5>        |FP_Z<27>       |   44.758|
FP_B<5>        |FP_Z<28>       |   44.565|
FP_B<5>        |FP_Z<29>       |   44.812|
FP_B<5>        |FP_Z<30>       |   45.243|
FP_B<5>        |FP_Z<31>       |   17.235|
FP_B<6>        |FP_Z<0>        |   48.968|
FP_B<6>        |FP_Z<1>        |   49.184|
FP_B<6>        |FP_Z<2>        |   48.608|
FP_B<6>        |FP_Z<3>        |   48.723|
FP_B<6>        |FP_Z<4>        |   49.285|
FP_B<6>        |FP_Z<5>        |   48.588|
FP_B<6>        |FP_Z<6>        |   49.012|
FP_B<6>        |FP_Z<7>        |   48.701|
FP_B<6>        |FP_Z<8>        |   48.396|
FP_B<6>        |FP_Z<9>        |   48.592|
FP_B<6>        |FP_Z<10>       |   47.273|
FP_B<6>        |FP_Z<11>       |   47.863|
FP_B<6>        |FP_Z<12>       |   46.988|
FP_B<6>        |FP_Z<13>       |   47.611|
FP_B<6>        |FP_Z<14>       |   46.693|
FP_B<6>        |FP_Z<15>       |   47.436|
FP_B<6>        |FP_Z<16>       |   47.680|
FP_B<6>        |FP_Z<17>       |   47.538|
FP_B<6>        |FP_Z<18>       |   47.616|
FP_B<6>        |FP_Z<19>       |   47.015|
FP_B<6>        |FP_Z<20>       |   47.434|
FP_B<6>        |FP_Z<21>       |   47.741|
FP_B<6>        |FP_Z<22>       |   45.688|
FP_B<6>        |FP_Z<23>       |   45.972|
FP_B<6>        |FP_Z<24>       |   45.208|
FP_B<6>        |FP_Z<25>       |   45.406|
FP_B<6>        |FP_Z<26>       |   45.299|
FP_B<6>        |FP_Z<27>       |   45.301|
FP_B<6>        |FP_Z<28>       |   45.108|
FP_B<6>        |FP_Z<29>       |   45.355|
FP_B<6>        |FP_Z<30>       |   45.786|
FP_B<6>        |FP_Z<31>       |   17.778|
FP_B<7>        |FP_Z<0>        |   48.767|
FP_B<7>        |FP_Z<1>        |   48.983|
FP_B<7>        |FP_Z<2>        |   48.407|
FP_B<7>        |FP_Z<3>        |   48.522|
FP_B<7>        |FP_Z<4>        |   49.084|
FP_B<7>        |FP_Z<5>        |   48.387|
FP_B<7>        |FP_Z<6>        |   48.811|
FP_B<7>        |FP_Z<7>        |   48.500|
FP_B<7>        |FP_Z<8>        |   48.195|
FP_B<7>        |FP_Z<9>        |   48.391|
FP_B<7>        |FP_Z<10>       |   47.072|
FP_B<7>        |FP_Z<11>       |   47.662|
FP_B<7>        |FP_Z<12>       |   46.787|
FP_B<7>        |FP_Z<13>       |   47.410|
FP_B<7>        |FP_Z<14>       |   46.492|
FP_B<7>        |FP_Z<15>       |   47.235|
FP_B<7>        |FP_Z<16>       |   47.479|
FP_B<7>        |FP_Z<17>       |   47.337|
FP_B<7>        |FP_Z<18>       |   47.415|
FP_B<7>        |FP_Z<19>       |   46.814|
FP_B<7>        |FP_Z<20>       |   47.233|
FP_B<7>        |FP_Z<21>       |   47.540|
FP_B<7>        |FP_Z<22>       |   45.487|
FP_B<7>        |FP_Z<23>       |   45.771|
FP_B<7>        |FP_Z<24>       |   45.007|
FP_B<7>        |FP_Z<25>       |   45.205|
FP_B<7>        |FP_Z<26>       |   45.098|
FP_B<7>        |FP_Z<27>       |   45.100|
FP_B<7>        |FP_Z<28>       |   44.907|
FP_B<7>        |FP_Z<29>       |   45.154|
FP_B<7>        |FP_Z<30>       |   45.585|
FP_B<7>        |FP_Z<31>       |   17.577|
FP_B<8>        |FP_Z<0>        |   49.676|
FP_B<8>        |FP_Z<1>        |   49.892|
FP_B<8>        |FP_Z<2>        |   49.316|
FP_B<8>        |FP_Z<3>        |   49.431|
FP_B<8>        |FP_Z<4>        |   49.993|
FP_B<8>        |FP_Z<5>        |   49.296|
FP_B<8>        |FP_Z<6>        |   49.720|
FP_B<8>        |FP_Z<7>        |   49.409|
FP_B<8>        |FP_Z<8>        |   49.104|
FP_B<8>        |FP_Z<9>        |   49.300|
FP_B<8>        |FP_Z<10>       |   47.981|
FP_B<8>        |FP_Z<11>       |   48.571|
FP_B<8>        |FP_Z<12>       |   47.696|
FP_B<8>        |FP_Z<13>       |   48.319|
FP_B<8>        |FP_Z<14>       |   47.401|
FP_B<8>        |FP_Z<15>       |   48.144|
FP_B<8>        |FP_Z<16>       |   48.388|
FP_B<8>        |FP_Z<17>       |   48.246|
FP_B<8>        |FP_Z<18>       |   48.324|
FP_B<8>        |FP_Z<19>       |   47.723|
FP_B<8>        |FP_Z<20>       |   48.142|
FP_B<8>        |FP_Z<21>       |   48.449|
FP_B<8>        |FP_Z<22>       |   46.396|
FP_B<8>        |FP_Z<23>       |   46.680|
FP_B<8>        |FP_Z<24>       |   45.916|
FP_B<8>        |FP_Z<25>       |   46.114|
FP_B<8>        |FP_Z<26>       |   46.007|
FP_B<8>        |FP_Z<27>       |   46.009|
FP_B<8>        |FP_Z<28>       |   45.816|
FP_B<8>        |FP_Z<29>       |   46.063|
FP_B<8>        |FP_Z<30>       |   46.494|
FP_B<8>        |FP_Z<31>       |   18.486|
FP_B<9>        |FP_Z<0>        |   49.189|
FP_B<9>        |FP_Z<1>        |   49.405|
FP_B<9>        |FP_Z<2>        |   48.829|
FP_B<9>        |FP_Z<3>        |   48.944|
FP_B<9>        |FP_Z<4>        |   49.506|
FP_B<9>        |FP_Z<5>        |   48.809|
FP_B<9>        |FP_Z<6>        |   49.233|
FP_B<9>        |FP_Z<7>        |   48.922|
FP_B<9>        |FP_Z<8>        |   48.617|
FP_B<9>        |FP_Z<9>        |   48.813|
FP_B<9>        |FP_Z<10>       |   47.494|
FP_B<9>        |FP_Z<11>       |   48.084|
FP_B<9>        |FP_Z<12>       |   47.209|
FP_B<9>        |FP_Z<13>       |   47.832|
FP_B<9>        |FP_Z<14>       |   46.914|
FP_B<9>        |FP_Z<15>       |   47.657|
FP_B<9>        |FP_Z<16>       |   47.901|
FP_B<9>        |FP_Z<17>       |   47.759|
FP_B<9>        |FP_Z<18>       |   47.837|
FP_B<9>        |FP_Z<19>       |   47.236|
FP_B<9>        |FP_Z<20>       |   47.655|
FP_B<9>        |FP_Z<21>       |   47.962|
FP_B<9>        |FP_Z<22>       |   45.909|
FP_B<9>        |FP_Z<23>       |   46.193|
FP_B<9>        |FP_Z<24>       |   45.429|
FP_B<9>        |FP_Z<25>       |   45.627|
FP_B<9>        |FP_Z<26>       |   45.520|
FP_B<9>        |FP_Z<27>       |   45.522|
FP_B<9>        |FP_Z<28>       |   45.329|
FP_B<9>        |FP_Z<29>       |   45.576|
FP_B<9>        |FP_Z<30>       |   46.007|
FP_B<9>        |FP_Z<31>       |   17.999|
FP_B<10>       |FP_Z<0>        |   49.370|
FP_B<10>       |FP_Z<1>        |   49.586|
FP_B<10>       |FP_Z<2>        |   49.010|
FP_B<10>       |FP_Z<3>        |   49.125|
FP_B<10>       |FP_Z<4>        |   49.687|
FP_B<10>       |FP_Z<5>        |   48.990|
FP_B<10>       |FP_Z<6>        |   49.414|
FP_B<10>       |FP_Z<7>        |   49.103|
FP_B<10>       |FP_Z<8>        |   48.798|
FP_B<10>       |FP_Z<9>        |   48.994|
FP_B<10>       |FP_Z<10>       |   47.675|
FP_B<10>       |FP_Z<11>       |   48.265|
FP_B<10>       |FP_Z<12>       |   47.390|
FP_B<10>       |FP_Z<13>       |   48.013|
FP_B<10>       |FP_Z<14>       |   47.095|
FP_B<10>       |FP_Z<15>       |   47.838|
FP_B<10>       |FP_Z<16>       |   48.082|
FP_B<10>       |FP_Z<17>       |   47.940|
FP_B<10>       |FP_Z<18>       |   48.018|
FP_B<10>       |FP_Z<19>       |   47.417|
FP_B<10>       |FP_Z<20>       |   47.836|
FP_B<10>       |FP_Z<21>       |   48.143|
FP_B<10>       |FP_Z<22>       |   46.090|
FP_B<10>       |FP_Z<23>       |   46.374|
FP_B<10>       |FP_Z<24>       |   45.610|
FP_B<10>       |FP_Z<25>       |   45.808|
FP_B<10>       |FP_Z<26>       |   45.701|
FP_B<10>       |FP_Z<27>       |   45.703|
FP_B<10>       |FP_Z<28>       |   45.510|
FP_B<10>       |FP_Z<29>       |   45.757|
FP_B<10>       |FP_Z<30>       |   46.188|
FP_B<10>       |FP_Z<31>       |   18.180|
FP_B<11>       |FP_Z<0>        |   49.518|
FP_B<11>       |FP_Z<1>        |   49.734|
FP_B<11>       |FP_Z<2>        |   49.158|
FP_B<11>       |FP_Z<3>        |   49.273|
FP_B<11>       |FP_Z<4>        |   49.835|
FP_B<11>       |FP_Z<5>        |   49.138|
FP_B<11>       |FP_Z<6>        |   49.562|
FP_B<11>       |FP_Z<7>        |   49.251|
FP_B<11>       |FP_Z<8>        |   48.946|
FP_B<11>       |FP_Z<9>        |   49.142|
FP_B<11>       |FP_Z<10>       |   47.823|
FP_B<11>       |FP_Z<11>       |   48.413|
FP_B<11>       |FP_Z<12>       |   47.538|
FP_B<11>       |FP_Z<13>       |   48.161|
FP_B<11>       |FP_Z<14>       |   47.243|
FP_B<11>       |FP_Z<15>       |   47.986|
FP_B<11>       |FP_Z<16>       |   48.230|
FP_B<11>       |FP_Z<17>       |   48.088|
FP_B<11>       |FP_Z<18>       |   48.166|
FP_B<11>       |FP_Z<19>       |   47.565|
FP_B<11>       |FP_Z<20>       |   47.984|
FP_B<11>       |FP_Z<21>       |   48.291|
FP_B<11>       |FP_Z<22>       |   46.238|
FP_B<11>       |FP_Z<23>       |   46.522|
FP_B<11>       |FP_Z<24>       |   45.758|
FP_B<11>       |FP_Z<25>       |   45.956|
FP_B<11>       |FP_Z<26>       |   45.849|
FP_B<11>       |FP_Z<27>       |   45.851|
FP_B<11>       |FP_Z<28>       |   45.658|
FP_B<11>       |FP_Z<29>       |   45.905|
FP_B<11>       |FP_Z<30>       |   46.336|
FP_B<11>       |FP_Z<31>       |   18.328|
FP_B<12>       |FP_Z<0>        |   50.637|
FP_B<12>       |FP_Z<1>        |   50.853|
FP_B<12>       |FP_Z<2>        |   50.277|
FP_B<12>       |FP_Z<3>        |   50.392|
FP_B<12>       |FP_Z<4>        |   50.954|
FP_B<12>       |FP_Z<5>        |   50.257|
FP_B<12>       |FP_Z<6>        |   50.681|
FP_B<12>       |FP_Z<7>        |   50.370|
FP_B<12>       |FP_Z<8>        |   50.065|
FP_B<12>       |FP_Z<9>        |   50.261|
FP_B<12>       |FP_Z<10>       |   48.942|
FP_B<12>       |FP_Z<11>       |   49.532|
FP_B<12>       |FP_Z<12>       |   48.657|
FP_B<12>       |FP_Z<13>       |   49.280|
FP_B<12>       |FP_Z<14>       |   48.362|
FP_B<12>       |FP_Z<15>       |   49.105|
FP_B<12>       |FP_Z<16>       |   49.349|
FP_B<12>       |FP_Z<17>       |   49.207|
FP_B<12>       |FP_Z<18>       |   49.285|
FP_B<12>       |FP_Z<19>       |   48.684|
FP_B<12>       |FP_Z<20>       |   49.103|
FP_B<12>       |FP_Z<21>       |   49.410|
FP_B<12>       |FP_Z<22>       |   47.357|
FP_B<12>       |FP_Z<23>       |   47.641|
FP_B<12>       |FP_Z<24>       |   46.877|
FP_B<12>       |FP_Z<25>       |   47.075|
FP_B<12>       |FP_Z<26>       |   46.968|
FP_B<12>       |FP_Z<27>       |   46.970|
FP_B<12>       |FP_Z<28>       |   46.777|
FP_B<12>       |FP_Z<29>       |   47.024|
FP_B<12>       |FP_Z<30>       |   47.455|
FP_B<12>       |FP_Z<31>       |   19.447|
FP_B<13>       |FP_Z<0>        |   48.875|
FP_B<13>       |FP_Z<1>        |   49.091|
FP_B<13>       |FP_Z<2>        |   48.515|
FP_B<13>       |FP_Z<3>        |   48.630|
FP_B<13>       |FP_Z<4>        |   49.192|
FP_B<13>       |FP_Z<5>        |   48.495|
FP_B<13>       |FP_Z<6>        |   48.919|
FP_B<13>       |FP_Z<7>        |   48.608|
FP_B<13>       |FP_Z<8>        |   48.303|
FP_B<13>       |FP_Z<9>        |   48.499|
FP_B<13>       |FP_Z<10>       |   47.180|
FP_B<13>       |FP_Z<11>       |   47.770|
FP_B<13>       |FP_Z<12>       |   46.895|
FP_B<13>       |FP_Z<13>       |   47.518|
FP_B<13>       |FP_Z<14>       |   46.600|
FP_B<13>       |FP_Z<15>       |   47.343|
FP_B<13>       |FP_Z<16>       |   47.587|
FP_B<13>       |FP_Z<17>       |   47.445|
FP_B<13>       |FP_Z<18>       |   47.523|
FP_B<13>       |FP_Z<19>       |   46.922|
FP_B<13>       |FP_Z<20>       |   47.341|
FP_B<13>       |FP_Z<21>       |   47.648|
FP_B<13>       |FP_Z<22>       |   45.595|
FP_B<13>       |FP_Z<23>       |   45.879|
FP_B<13>       |FP_Z<24>       |   45.115|
FP_B<13>       |FP_Z<25>       |   45.313|
FP_B<13>       |FP_Z<26>       |   45.206|
FP_B<13>       |FP_Z<27>       |   45.208|
FP_B<13>       |FP_Z<28>       |   45.015|
FP_B<13>       |FP_Z<29>       |   45.262|
FP_B<13>       |FP_Z<30>       |   45.693|
FP_B<13>       |FP_Z<31>       |   17.685|
FP_B<14>       |FP_Z<0>        |   50.102|
FP_B<14>       |FP_Z<1>        |   50.318|
FP_B<14>       |FP_Z<2>        |   49.742|
FP_B<14>       |FP_Z<3>        |   49.857|
FP_B<14>       |FP_Z<4>        |   50.419|
FP_B<14>       |FP_Z<5>        |   49.722|
FP_B<14>       |FP_Z<6>        |   50.146|
FP_B<14>       |FP_Z<7>        |   49.835|
FP_B<14>       |FP_Z<8>        |   49.530|
FP_B<14>       |FP_Z<9>        |   49.726|
FP_B<14>       |FP_Z<10>       |   48.407|
FP_B<14>       |FP_Z<11>       |   48.997|
FP_B<14>       |FP_Z<12>       |   48.122|
FP_B<14>       |FP_Z<13>       |   48.745|
FP_B<14>       |FP_Z<14>       |   47.827|
FP_B<14>       |FP_Z<15>       |   48.570|
FP_B<14>       |FP_Z<16>       |   48.814|
FP_B<14>       |FP_Z<17>       |   48.672|
FP_B<14>       |FP_Z<18>       |   48.750|
FP_B<14>       |FP_Z<19>       |   48.149|
FP_B<14>       |FP_Z<20>       |   48.568|
FP_B<14>       |FP_Z<21>       |   48.875|
FP_B<14>       |FP_Z<22>       |   46.822|
FP_B<14>       |FP_Z<23>       |   47.106|
FP_B<14>       |FP_Z<24>       |   46.342|
FP_B<14>       |FP_Z<25>       |   46.540|
FP_B<14>       |FP_Z<26>       |   46.433|
FP_B<14>       |FP_Z<27>       |   46.435|
FP_B<14>       |FP_Z<28>       |   46.242|
FP_B<14>       |FP_Z<29>       |   46.489|
FP_B<14>       |FP_Z<30>       |   46.920|
FP_B<14>       |FP_Z<31>       |   18.912|
FP_B<15>       |FP_Z<0>        |   49.252|
FP_B<15>       |FP_Z<1>        |   49.468|
FP_B<15>       |FP_Z<2>        |   48.892|
FP_B<15>       |FP_Z<3>        |   49.007|
FP_B<15>       |FP_Z<4>        |   49.569|
FP_B<15>       |FP_Z<5>        |   48.872|
FP_B<15>       |FP_Z<6>        |   49.296|
FP_B<15>       |FP_Z<7>        |   48.985|
FP_B<15>       |FP_Z<8>        |   48.680|
FP_B<15>       |FP_Z<9>        |   48.876|
FP_B<15>       |FP_Z<10>       |   47.557|
FP_B<15>       |FP_Z<11>       |   48.147|
FP_B<15>       |FP_Z<12>       |   47.272|
FP_B<15>       |FP_Z<13>       |   47.895|
FP_B<15>       |FP_Z<14>       |   46.977|
FP_B<15>       |FP_Z<15>       |   47.720|
FP_B<15>       |FP_Z<16>       |   47.964|
FP_B<15>       |FP_Z<17>       |   47.822|
FP_B<15>       |FP_Z<18>       |   47.900|
FP_B<15>       |FP_Z<19>       |   47.299|
FP_B<15>       |FP_Z<20>       |   47.718|
FP_B<15>       |FP_Z<21>       |   48.025|
FP_B<15>       |FP_Z<22>       |   45.972|
FP_B<15>       |FP_Z<23>       |   46.256|
FP_B<15>       |FP_Z<24>       |   45.492|
FP_B<15>       |FP_Z<25>       |   45.690|
FP_B<15>       |FP_Z<26>       |   45.583|
FP_B<15>       |FP_Z<27>       |   45.585|
FP_B<15>       |FP_Z<28>       |   45.392|
FP_B<15>       |FP_Z<29>       |   45.639|
FP_B<15>       |FP_Z<30>       |   46.070|
FP_B<15>       |FP_Z<31>       |   18.062|
FP_B<16>       |FP_Z<0>        |   50.349|
FP_B<16>       |FP_Z<1>        |   50.565|
FP_B<16>       |FP_Z<2>        |   49.989|
FP_B<16>       |FP_Z<3>        |   50.104|
FP_B<16>       |FP_Z<4>        |   50.666|
FP_B<16>       |FP_Z<5>        |   49.969|
FP_B<16>       |FP_Z<6>        |   50.393|
FP_B<16>       |FP_Z<7>        |   50.082|
FP_B<16>       |FP_Z<8>        |   49.777|
FP_B<16>       |FP_Z<9>        |   49.973|
FP_B<16>       |FP_Z<10>       |   48.654|
FP_B<16>       |FP_Z<11>       |   49.244|
FP_B<16>       |FP_Z<12>       |   48.369|
FP_B<16>       |FP_Z<13>       |   48.992|
FP_B<16>       |FP_Z<14>       |   48.074|
FP_B<16>       |FP_Z<15>       |   48.817|
FP_B<16>       |FP_Z<16>       |   49.061|
FP_B<16>       |FP_Z<17>       |   48.919|
FP_B<16>       |FP_Z<18>       |   48.997|
FP_B<16>       |FP_Z<19>       |   48.396|
FP_B<16>       |FP_Z<20>       |   48.815|
FP_B<16>       |FP_Z<21>       |   49.122|
FP_B<16>       |FP_Z<22>       |   47.069|
FP_B<16>       |FP_Z<23>       |   47.353|
FP_B<16>       |FP_Z<24>       |   46.589|
FP_B<16>       |FP_Z<25>       |   46.787|
FP_B<16>       |FP_Z<26>       |   46.680|
FP_B<16>       |FP_Z<27>       |   46.682|
FP_B<16>       |FP_Z<28>       |   46.489|
FP_B<16>       |FP_Z<29>       |   46.736|
FP_B<16>       |FP_Z<30>       |   47.167|
FP_B<16>       |FP_Z<31>       |   19.159|
FP_B<17>       |FP_Z<0>        |   50.474|
FP_B<17>       |FP_Z<1>        |   50.690|
FP_B<17>       |FP_Z<2>        |   50.114|
FP_B<17>       |FP_Z<3>        |   50.229|
FP_B<17>       |FP_Z<4>        |   50.791|
FP_B<17>       |FP_Z<5>        |   50.094|
FP_B<17>       |FP_Z<6>        |   50.518|
FP_B<17>       |FP_Z<7>        |   50.207|
FP_B<17>       |FP_Z<8>        |   49.902|
FP_B<17>       |FP_Z<9>        |   50.098|
FP_B<17>       |FP_Z<10>       |   48.779|
FP_B<17>       |FP_Z<11>       |   49.369|
FP_B<17>       |FP_Z<12>       |   48.494|
FP_B<17>       |FP_Z<13>       |   49.117|
FP_B<17>       |FP_Z<14>       |   48.199|
FP_B<17>       |FP_Z<15>       |   48.942|
FP_B<17>       |FP_Z<16>       |   49.186|
FP_B<17>       |FP_Z<17>       |   49.044|
FP_B<17>       |FP_Z<18>       |   49.122|
FP_B<17>       |FP_Z<19>       |   48.521|
FP_B<17>       |FP_Z<20>       |   48.940|
FP_B<17>       |FP_Z<21>       |   49.247|
FP_B<17>       |FP_Z<22>       |   47.194|
FP_B<17>       |FP_Z<23>       |   47.478|
FP_B<17>       |FP_Z<24>       |   46.714|
FP_B<17>       |FP_Z<25>       |   46.912|
FP_B<17>       |FP_Z<26>       |   46.805|
FP_B<17>       |FP_Z<27>       |   46.807|
FP_B<17>       |FP_Z<28>       |   46.614|
FP_B<17>       |FP_Z<29>       |   46.861|
FP_B<17>       |FP_Z<30>       |   47.292|
FP_B<17>       |FP_Z<31>       |   19.284|
FP_B<18>       |FP_Z<0>        |   50.223|
FP_B<18>       |FP_Z<1>        |   50.439|
FP_B<18>       |FP_Z<2>        |   49.863|
FP_B<18>       |FP_Z<3>        |   49.978|
FP_B<18>       |FP_Z<4>        |   50.540|
FP_B<18>       |FP_Z<5>        |   49.843|
FP_B<18>       |FP_Z<6>        |   50.267|
FP_B<18>       |FP_Z<7>        |   49.956|
FP_B<18>       |FP_Z<8>        |   49.651|
FP_B<18>       |FP_Z<9>        |   49.847|
FP_B<18>       |FP_Z<10>       |   48.528|
FP_B<18>       |FP_Z<11>       |   49.118|
FP_B<18>       |FP_Z<12>       |   48.243|
FP_B<18>       |FP_Z<13>       |   48.866|
FP_B<18>       |FP_Z<14>       |   47.948|
FP_B<18>       |FP_Z<15>       |   48.691|
FP_B<18>       |FP_Z<16>       |   48.935|
FP_B<18>       |FP_Z<17>       |   48.793|
FP_B<18>       |FP_Z<18>       |   48.871|
FP_B<18>       |FP_Z<19>       |   48.270|
FP_B<18>       |FP_Z<20>       |   48.689|
FP_B<18>       |FP_Z<21>       |   48.996|
FP_B<18>       |FP_Z<22>       |   46.943|
FP_B<18>       |FP_Z<23>       |   47.227|
FP_B<18>       |FP_Z<24>       |   46.463|
FP_B<18>       |FP_Z<25>       |   46.661|
FP_B<18>       |FP_Z<26>       |   46.554|
FP_B<18>       |FP_Z<27>       |   46.556|
FP_B<18>       |FP_Z<28>       |   46.363|
FP_B<18>       |FP_Z<29>       |   46.610|
FP_B<18>       |FP_Z<30>       |   47.041|
FP_B<18>       |FP_Z<31>       |   19.033|
FP_B<19>       |FP_Z<0>        |   49.577|
FP_B<19>       |FP_Z<1>        |   49.793|
FP_B<19>       |FP_Z<2>        |   49.217|
FP_B<19>       |FP_Z<3>        |   49.332|
FP_B<19>       |FP_Z<4>        |   49.894|
FP_B<19>       |FP_Z<5>        |   49.197|
FP_B<19>       |FP_Z<6>        |   49.621|
FP_B<19>       |FP_Z<7>        |   49.310|
FP_B<19>       |FP_Z<8>        |   49.005|
FP_B<19>       |FP_Z<9>        |   49.201|
FP_B<19>       |FP_Z<10>       |   47.882|
FP_B<19>       |FP_Z<11>       |   48.472|
FP_B<19>       |FP_Z<12>       |   47.597|
FP_B<19>       |FP_Z<13>       |   48.220|
FP_B<19>       |FP_Z<14>       |   47.302|
FP_B<19>       |FP_Z<15>       |   48.045|
FP_B<19>       |FP_Z<16>       |   48.289|
FP_B<19>       |FP_Z<17>       |   48.147|
FP_B<19>       |FP_Z<18>       |   48.225|
FP_B<19>       |FP_Z<19>       |   47.624|
FP_B<19>       |FP_Z<20>       |   48.043|
FP_B<19>       |FP_Z<21>       |   48.350|
FP_B<19>       |FP_Z<22>       |   46.297|
FP_B<19>       |FP_Z<23>       |   46.581|
FP_B<19>       |FP_Z<24>       |   45.817|
FP_B<19>       |FP_Z<25>       |   46.015|
FP_B<19>       |FP_Z<26>       |   45.908|
FP_B<19>       |FP_Z<27>       |   45.910|
FP_B<19>       |FP_Z<28>       |   45.717|
FP_B<19>       |FP_Z<29>       |   45.964|
FP_B<19>       |FP_Z<30>       |   46.395|
FP_B<19>       |FP_Z<31>       |   18.387|
FP_B<20>       |FP_Z<0>        |   51.277|
FP_B<20>       |FP_Z<1>        |   51.493|
FP_B<20>       |FP_Z<2>        |   50.917|
FP_B<20>       |FP_Z<3>        |   51.032|
FP_B<20>       |FP_Z<4>        |   51.594|
FP_B<20>       |FP_Z<5>        |   50.897|
FP_B<20>       |FP_Z<6>        |   51.321|
FP_B<20>       |FP_Z<7>        |   51.010|
FP_B<20>       |FP_Z<8>        |   50.705|
FP_B<20>       |FP_Z<9>        |   50.901|
FP_B<20>       |FP_Z<10>       |   49.582|
FP_B<20>       |FP_Z<11>       |   50.172|
FP_B<20>       |FP_Z<12>       |   49.297|
FP_B<20>       |FP_Z<13>       |   49.920|
FP_B<20>       |FP_Z<14>       |   49.002|
FP_B<20>       |FP_Z<15>       |   49.745|
FP_B<20>       |FP_Z<16>       |   49.989|
FP_B<20>       |FP_Z<17>       |   49.847|
FP_B<20>       |FP_Z<18>       |   49.925|
FP_B<20>       |FP_Z<19>       |   49.324|
FP_B<20>       |FP_Z<20>       |   49.743|
FP_B<20>       |FP_Z<21>       |   50.050|
FP_B<20>       |FP_Z<22>       |   47.997|
FP_B<20>       |FP_Z<23>       |   48.281|
FP_B<20>       |FP_Z<24>       |   47.517|
FP_B<20>       |FP_Z<25>       |   47.715|
FP_B<20>       |FP_Z<26>       |   47.608|
FP_B<20>       |FP_Z<27>       |   47.610|
FP_B<20>       |FP_Z<28>       |   47.417|
FP_B<20>       |FP_Z<29>       |   47.664|
FP_B<20>       |FP_Z<30>       |   48.095|
FP_B<20>       |FP_Z<31>       |   20.087|
FP_B<21>       |FP_Z<0>        |   49.790|
FP_B<21>       |FP_Z<1>        |   50.006|
FP_B<21>       |FP_Z<2>        |   49.430|
FP_B<21>       |FP_Z<3>        |   49.545|
FP_B<21>       |FP_Z<4>        |   50.107|
FP_B<21>       |FP_Z<5>        |   49.410|
FP_B<21>       |FP_Z<6>        |   49.834|
FP_B<21>       |FP_Z<7>        |   49.523|
FP_B<21>       |FP_Z<8>        |   49.218|
FP_B<21>       |FP_Z<9>        |   49.414|
FP_B<21>       |FP_Z<10>       |   48.095|
FP_B<21>       |FP_Z<11>       |   48.685|
FP_B<21>       |FP_Z<12>       |   47.810|
FP_B<21>       |FP_Z<13>       |   48.433|
FP_B<21>       |FP_Z<14>       |   47.515|
FP_B<21>       |FP_Z<15>       |   48.258|
FP_B<21>       |FP_Z<16>       |   48.502|
FP_B<21>       |FP_Z<17>       |   48.360|
FP_B<21>       |FP_Z<18>       |   48.438|
FP_B<21>       |FP_Z<19>       |   47.837|
FP_B<21>       |FP_Z<20>       |   48.256|
FP_B<21>       |FP_Z<21>       |   48.563|
FP_B<21>       |FP_Z<22>       |   46.510|
FP_B<21>       |FP_Z<23>       |   46.794|
FP_B<21>       |FP_Z<24>       |   46.030|
FP_B<21>       |FP_Z<25>       |   46.228|
FP_B<21>       |FP_Z<26>       |   46.121|
FP_B<21>       |FP_Z<27>       |   46.123|
FP_B<21>       |FP_Z<28>       |   45.930|
FP_B<21>       |FP_Z<29>       |   46.177|
FP_B<21>       |FP_Z<30>       |   46.608|
FP_B<21>       |FP_Z<31>       |   18.600|
FP_B<22>       |FP_Z<0>        |   50.497|
FP_B<22>       |FP_Z<1>        |   50.713|
FP_B<22>       |FP_Z<2>        |   50.137|
FP_B<22>       |FP_Z<3>        |   50.252|
FP_B<22>       |FP_Z<4>        |   50.814|
FP_B<22>       |FP_Z<5>        |   50.117|
FP_B<22>       |FP_Z<6>        |   50.541|
FP_B<22>       |FP_Z<7>        |   50.230|
FP_B<22>       |FP_Z<8>        |   49.925|
FP_B<22>       |FP_Z<9>        |   50.121|
FP_B<22>       |FP_Z<10>       |   48.802|
FP_B<22>       |FP_Z<11>       |   49.392|
FP_B<22>       |FP_Z<12>       |   48.517|
FP_B<22>       |FP_Z<13>       |   49.140|
FP_B<22>       |FP_Z<14>       |   48.222|
FP_B<22>       |FP_Z<15>       |   48.965|
FP_B<22>       |FP_Z<16>       |   49.209|
FP_B<22>       |FP_Z<17>       |   49.067|
FP_B<22>       |FP_Z<18>       |   49.145|
FP_B<22>       |FP_Z<19>       |   48.544|
FP_B<22>       |FP_Z<20>       |   48.963|
FP_B<22>       |FP_Z<21>       |   49.270|
FP_B<22>       |FP_Z<22>       |   47.217|
FP_B<22>       |FP_Z<23>       |   47.501|
FP_B<22>       |FP_Z<24>       |   46.737|
FP_B<22>       |FP_Z<25>       |   46.935|
FP_B<22>       |FP_Z<26>       |   46.828|
FP_B<22>       |FP_Z<27>       |   46.830|
FP_B<22>       |FP_Z<28>       |   46.637|
FP_B<22>       |FP_Z<29>       |   46.884|
FP_B<22>       |FP_Z<30>       |   47.315|
FP_B<22>       |FP_Z<31>       |   19.307|
FP_B<23>       |FP_Z<0>        |   59.786|
FP_B<23>       |FP_Z<1>        |   60.002|
FP_B<23>       |FP_Z<2>        |   59.426|
FP_B<23>       |FP_Z<3>        |   59.541|
FP_B<23>       |FP_Z<4>        |   60.103|
FP_B<23>       |FP_Z<5>        |   59.406|
FP_B<23>       |FP_Z<6>        |   59.830|
FP_B<23>       |FP_Z<7>        |   59.519|
FP_B<23>       |FP_Z<8>        |   59.214|
FP_B<23>       |FP_Z<9>        |   59.410|
FP_B<23>       |FP_Z<10>       |   58.091|
FP_B<23>       |FP_Z<11>       |   58.681|
FP_B<23>       |FP_Z<12>       |   57.806|
FP_B<23>       |FP_Z<13>       |   58.429|
FP_B<23>       |FP_Z<14>       |   57.511|
FP_B<23>       |FP_Z<15>       |   58.254|
FP_B<23>       |FP_Z<16>       |   58.498|
FP_B<23>       |FP_Z<17>       |   58.356|
FP_B<23>       |FP_Z<18>       |   58.434|
FP_B<23>       |FP_Z<19>       |   57.833|
FP_B<23>       |FP_Z<20>       |   58.252|
FP_B<23>       |FP_Z<21>       |   58.559|
FP_B<23>       |FP_Z<22>       |   56.506|
FP_B<23>       |FP_Z<23>       |   56.790|
FP_B<23>       |FP_Z<24>       |   56.026|
FP_B<23>       |FP_Z<25>       |   56.224|
FP_B<23>       |FP_Z<26>       |   56.117|
FP_B<23>       |FP_Z<27>       |   56.119|
FP_B<23>       |FP_Z<28>       |   55.926|
FP_B<23>       |FP_Z<29>       |   56.173|
FP_B<23>       |FP_Z<30>       |   56.604|
FP_B<23>       |FP_Z<31>       |   28.596|
FP_B<24>       |FP_Z<0>        |   59.744|
FP_B<24>       |FP_Z<1>        |   59.960|
FP_B<24>       |FP_Z<2>        |   59.384|
FP_B<24>       |FP_Z<3>        |   59.499|
FP_B<24>       |FP_Z<4>        |   60.061|
FP_B<24>       |FP_Z<5>        |   59.364|
FP_B<24>       |FP_Z<6>        |   59.788|
FP_B<24>       |FP_Z<7>        |   59.477|
FP_B<24>       |FP_Z<8>        |   59.172|
FP_B<24>       |FP_Z<9>        |   59.368|
FP_B<24>       |FP_Z<10>       |   58.049|
FP_B<24>       |FP_Z<11>       |   58.639|
FP_B<24>       |FP_Z<12>       |   57.764|
FP_B<24>       |FP_Z<13>       |   58.387|
FP_B<24>       |FP_Z<14>       |   57.469|
FP_B<24>       |FP_Z<15>       |   58.212|
FP_B<24>       |FP_Z<16>       |   58.456|
FP_B<24>       |FP_Z<17>       |   58.314|
FP_B<24>       |FP_Z<18>       |   58.392|
FP_B<24>       |FP_Z<19>       |   57.791|
FP_B<24>       |FP_Z<20>       |   58.210|
FP_B<24>       |FP_Z<21>       |   58.517|
FP_B<24>       |FP_Z<22>       |   56.464|
FP_B<24>       |FP_Z<23>       |   56.748|
FP_B<24>       |FP_Z<24>       |   55.984|
FP_B<24>       |FP_Z<25>       |   56.182|
FP_B<24>       |FP_Z<26>       |   56.075|
FP_B<24>       |FP_Z<27>       |   56.077|
FP_B<24>       |FP_Z<28>       |   55.884|
FP_B<24>       |FP_Z<29>       |   56.131|
FP_B<24>       |FP_Z<30>       |   56.562|
FP_B<24>       |FP_Z<31>       |   28.554|
FP_B<25>       |FP_Z<0>        |   59.667|
FP_B<25>       |FP_Z<1>        |   59.883|
FP_B<25>       |FP_Z<2>        |   59.307|
FP_B<25>       |FP_Z<3>        |   59.422|
FP_B<25>       |FP_Z<4>        |   59.984|
FP_B<25>       |FP_Z<5>        |   59.287|
FP_B<25>       |FP_Z<6>        |   59.711|
FP_B<25>       |FP_Z<7>        |   59.400|
FP_B<25>       |FP_Z<8>        |   59.095|
FP_B<25>       |FP_Z<9>        |   59.291|
FP_B<25>       |FP_Z<10>       |   57.972|
FP_B<25>       |FP_Z<11>       |   58.562|
FP_B<25>       |FP_Z<12>       |   57.687|
FP_B<25>       |FP_Z<13>       |   58.310|
FP_B<25>       |FP_Z<14>       |   57.392|
FP_B<25>       |FP_Z<15>       |   58.135|
FP_B<25>       |FP_Z<16>       |   58.379|
FP_B<25>       |FP_Z<17>       |   58.237|
FP_B<25>       |FP_Z<18>       |   58.315|
FP_B<25>       |FP_Z<19>       |   57.714|
FP_B<25>       |FP_Z<20>       |   58.133|
FP_B<25>       |FP_Z<21>       |   58.440|
FP_B<25>       |FP_Z<22>       |   56.387|
FP_B<25>       |FP_Z<23>       |   56.671|
FP_B<25>       |FP_Z<24>       |   55.907|
FP_B<25>       |FP_Z<25>       |   56.105|
FP_B<25>       |FP_Z<26>       |   55.998|
FP_B<25>       |FP_Z<27>       |   56.000|
FP_B<25>       |FP_Z<28>       |   55.807|
FP_B<25>       |FP_Z<29>       |   56.054|
FP_B<25>       |FP_Z<30>       |   56.485|
FP_B<25>       |FP_Z<31>       |   28.477|
FP_B<26>       |FP_Z<0>        |   58.859|
FP_B<26>       |FP_Z<1>        |   59.075|
FP_B<26>       |FP_Z<2>        |   58.499|
FP_B<26>       |FP_Z<3>        |   58.614|
FP_B<26>       |FP_Z<4>        |   59.176|
FP_B<26>       |FP_Z<5>        |   58.479|
FP_B<26>       |FP_Z<6>        |   58.903|
FP_B<26>       |FP_Z<7>        |   58.592|
FP_B<26>       |FP_Z<8>        |   58.287|
FP_B<26>       |FP_Z<9>        |   58.483|
FP_B<26>       |FP_Z<10>       |   57.164|
FP_B<26>       |FP_Z<11>       |   57.754|
FP_B<26>       |FP_Z<12>       |   56.879|
FP_B<26>       |FP_Z<13>       |   57.502|
FP_B<26>       |FP_Z<14>       |   56.584|
FP_B<26>       |FP_Z<15>       |   57.327|
FP_B<26>       |FP_Z<16>       |   57.571|
FP_B<26>       |FP_Z<17>       |   57.429|
FP_B<26>       |FP_Z<18>       |   57.507|
FP_B<26>       |FP_Z<19>       |   56.906|
FP_B<26>       |FP_Z<20>       |   57.325|
FP_B<26>       |FP_Z<21>       |   57.632|
FP_B<26>       |FP_Z<22>       |   55.579|
FP_B<26>       |FP_Z<23>       |   55.863|
FP_B<26>       |FP_Z<24>       |   55.099|
FP_B<26>       |FP_Z<25>       |   55.297|
FP_B<26>       |FP_Z<26>       |   55.190|
FP_B<26>       |FP_Z<27>       |   55.192|
FP_B<26>       |FP_Z<28>       |   54.999|
FP_B<26>       |FP_Z<29>       |   55.246|
FP_B<26>       |FP_Z<30>       |   55.677|
FP_B<26>       |FP_Z<31>       |   27.669|
FP_B<27>       |FP_Z<0>        |   58.347|
FP_B<27>       |FP_Z<1>        |   58.563|
FP_B<27>       |FP_Z<2>        |   57.987|
FP_B<27>       |FP_Z<3>        |   58.102|
FP_B<27>       |FP_Z<4>        |   58.664|
FP_B<27>       |FP_Z<5>        |   57.967|
FP_B<27>       |FP_Z<6>        |   58.391|
FP_B<27>       |FP_Z<7>        |   58.080|
FP_B<27>       |FP_Z<8>        |   57.775|
FP_B<27>       |FP_Z<9>        |   57.971|
FP_B<27>       |FP_Z<10>       |   56.652|
FP_B<27>       |FP_Z<11>       |   57.242|
FP_B<27>       |FP_Z<12>       |   56.367|
FP_B<27>       |FP_Z<13>       |   56.990|
FP_B<27>       |FP_Z<14>       |   56.072|
FP_B<27>       |FP_Z<15>       |   56.815|
FP_B<27>       |FP_Z<16>       |   57.059|
FP_B<27>       |FP_Z<17>       |   56.917|
FP_B<27>       |FP_Z<18>       |   56.995|
FP_B<27>       |FP_Z<19>       |   56.394|
FP_B<27>       |FP_Z<20>       |   56.813|
FP_B<27>       |FP_Z<21>       |   57.120|
FP_B<27>       |FP_Z<22>       |   55.067|
FP_B<27>       |FP_Z<23>       |   55.351|
FP_B<27>       |FP_Z<24>       |   54.587|
FP_B<27>       |FP_Z<25>       |   54.785|
FP_B<27>       |FP_Z<26>       |   54.678|
FP_B<27>       |FP_Z<27>       |   54.680|
FP_B<27>       |FP_Z<28>       |   54.487|
FP_B<27>       |FP_Z<29>       |   54.734|
FP_B<27>       |FP_Z<30>       |   55.165|
FP_B<27>       |FP_Z<31>       |   27.157|
FP_B<28>       |FP_Z<0>        |   59.198|
FP_B<28>       |FP_Z<1>        |   59.414|
FP_B<28>       |FP_Z<2>        |   58.838|
FP_B<28>       |FP_Z<3>        |   58.953|
FP_B<28>       |FP_Z<4>        |   59.515|
FP_B<28>       |FP_Z<5>        |   58.818|
FP_B<28>       |FP_Z<6>        |   59.242|
FP_B<28>       |FP_Z<7>        |   58.931|
FP_B<28>       |FP_Z<8>        |   58.626|
FP_B<28>       |FP_Z<9>        |   58.822|
FP_B<28>       |FP_Z<10>       |   57.503|
FP_B<28>       |FP_Z<11>       |   58.093|
FP_B<28>       |FP_Z<12>       |   57.218|
FP_B<28>       |FP_Z<13>       |   57.841|
FP_B<28>       |FP_Z<14>       |   56.923|
FP_B<28>       |FP_Z<15>       |   57.666|
FP_B<28>       |FP_Z<16>       |   57.910|
FP_B<28>       |FP_Z<17>       |   57.768|
FP_B<28>       |FP_Z<18>       |   57.846|
FP_B<28>       |FP_Z<19>       |   57.245|
FP_B<28>       |FP_Z<20>       |   57.664|
FP_B<28>       |FP_Z<21>       |   57.971|
FP_B<28>       |FP_Z<22>       |   55.918|
FP_B<28>       |FP_Z<23>       |   56.202|
FP_B<28>       |FP_Z<24>       |   55.438|
FP_B<28>       |FP_Z<25>       |   55.636|
FP_B<28>       |FP_Z<26>       |   55.529|
FP_B<28>       |FP_Z<27>       |   55.531|
FP_B<28>       |FP_Z<28>       |   55.338|
FP_B<28>       |FP_Z<29>       |   55.585|
FP_B<28>       |FP_Z<30>       |   56.016|
FP_B<28>       |FP_Z<31>       |   28.008|
FP_B<29>       |FP_Z<0>        |   59.505|
FP_B<29>       |FP_Z<1>        |   59.721|
FP_B<29>       |FP_Z<2>        |   59.145|
FP_B<29>       |FP_Z<3>        |   59.260|
FP_B<29>       |FP_Z<4>        |   59.822|
FP_B<29>       |FP_Z<5>        |   59.125|
FP_B<29>       |FP_Z<6>        |   59.549|
FP_B<29>       |FP_Z<7>        |   59.238|
FP_B<29>       |FP_Z<8>        |   58.933|
FP_B<29>       |FP_Z<9>        |   59.129|
FP_B<29>       |FP_Z<10>       |   57.810|
FP_B<29>       |FP_Z<11>       |   58.400|
FP_B<29>       |FP_Z<12>       |   57.525|
FP_B<29>       |FP_Z<13>       |   58.148|
FP_B<29>       |FP_Z<14>       |   57.230|
FP_B<29>       |FP_Z<15>       |   57.973|
FP_B<29>       |FP_Z<16>       |   58.217|
FP_B<29>       |FP_Z<17>       |   58.075|
FP_B<29>       |FP_Z<18>       |   58.153|
FP_B<29>       |FP_Z<19>       |   57.552|
FP_B<29>       |FP_Z<20>       |   57.971|
FP_B<29>       |FP_Z<21>       |   58.278|
FP_B<29>       |FP_Z<22>       |   56.225|
FP_B<29>       |FP_Z<23>       |   56.509|
FP_B<29>       |FP_Z<24>       |   55.745|
FP_B<29>       |FP_Z<25>       |   55.943|
FP_B<29>       |FP_Z<26>       |   55.836|
FP_B<29>       |FP_Z<27>       |   55.838|
FP_B<29>       |FP_Z<28>       |   55.645|
FP_B<29>       |FP_Z<29>       |   55.892|
FP_B<29>       |FP_Z<30>       |   56.323|
FP_B<29>       |FP_Z<31>       |   28.315|
FP_B<30>       |FP_Z<0>        |   58.658|
FP_B<30>       |FP_Z<1>        |   58.874|
FP_B<30>       |FP_Z<2>        |   58.298|
FP_B<30>       |FP_Z<3>        |   58.413|
FP_B<30>       |FP_Z<4>        |   58.975|
FP_B<30>       |FP_Z<5>        |   58.278|
FP_B<30>       |FP_Z<6>        |   58.702|
FP_B<30>       |FP_Z<7>        |   58.391|
FP_B<30>       |FP_Z<8>        |   58.086|
FP_B<30>       |FP_Z<9>        |   58.282|
FP_B<30>       |FP_Z<10>       |   56.963|
FP_B<30>       |FP_Z<11>       |   57.553|
FP_B<30>       |FP_Z<12>       |   56.678|
FP_B<30>       |FP_Z<13>       |   57.301|
FP_B<30>       |FP_Z<14>       |   56.383|
FP_B<30>       |FP_Z<15>       |   57.126|
FP_B<30>       |FP_Z<16>       |   57.370|
FP_B<30>       |FP_Z<17>       |   57.228|
FP_B<30>       |FP_Z<18>       |   57.306|
FP_B<30>       |FP_Z<19>       |   56.705|
FP_B<30>       |FP_Z<20>       |   57.124|
FP_B<30>       |FP_Z<21>       |   57.431|
FP_B<30>       |FP_Z<22>       |   55.378|
FP_B<30>       |FP_Z<23>       |   55.662|
FP_B<30>       |FP_Z<24>       |   54.898|
FP_B<30>       |FP_Z<25>       |   55.096|
FP_B<30>       |FP_Z<26>       |   54.989|
FP_B<30>       |FP_Z<27>       |   54.991|
FP_B<30>       |FP_Z<28>       |   54.798|
FP_B<30>       |FP_Z<29>       |   55.045|
FP_B<30>       |FP_Z<30>       |   55.476|
FP_B<30>       |FP_Z<31>       |   27.468|
FP_B<31>       |FP_Z<0>        |   48.902|
FP_B<31>       |FP_Z<1>        |   49.118|
FP_B<31>       |FP_Z<2>        |   48.542|
FP_B<31>       |FP_Z<3>        |   48.657|
FP_B<31>       |FP_Z<4>        |   49.219|
FP_B<31>       |FP_Z<5>        |   48.522|
FP_B<31>       |FP_Z<6>        |   48.946|
FP_B<31>       |FP_Z<7>        |   48.635|
FP_B<31>       |FP_Z<8>        |   48.330|
FP_B<31>       |FP_Z<9>        |   48.526|
FP_B<31>       |FP_Z<10>       |   47.207|
FP_B<31>       |FP_Z<11>       |   47.797|
FP_B<31>       |FP_Z<12>       |   46.922|
FP_B<31>       |FP_Z<13>       |   47.545|
FP_B<31>       |FP_Z<14>       |   46.627|
FP_B<31>       |FP_Z<15>       |   47.370|
FP_B<31>       |FP_Z<16>       |   47.614|
FP_B<31>       |FP_Z<17>       |   47.472|
FP_B<31>       |FP_Z<18>       |   47.550|
FP_B<31>       |FP_Z<19>       |   46.949|
FP_B<31>       |FP_Z<20>       |   47.368|
FP_B<31>       |FP_Z<21>       |   47.675|
FP_B<31>       |FP_Z<22>       |   45.622|
FP_B<31>       |FP_Z<23>       |   45.906|
FP_B<31>       |FP_Z<24>       |   45.142|
FP_B<31>       |FP_Z<25>       |   45.340|
FP_B<31>       |FP_Z<26>       |   45.233|
FP_B<31>       |FP_Z<27>       |   45.235|
FP_B<31>       |FP_Z<28>       |   45.042|
FP_B<31>       |FP_Z<29>       |   45.289|
FP_B<31>       |FP_Z<30>       |   45.720|
FP_B<31>       |FP_Z<31>       |   17.712|
---------------+---------------+---------+


Analysis completed Sun Nov  2 12:26:31 2014 
--------------------------------------------------------------------------------

Trace Settings:
-------------------------
Trace Settings 

Peak Memory Usage: 393 MB



